-- Automatically generated by TPCDSQueryTestSuite

-- !query schema
struct<cd_gender:string,cd_marital_status:string,cd_education_status:string,cnt1:bigint,cd_purchase_estimate:int,cnt2:bigint,cd_credit_rating:string,cnt3:bigint,cd_dep_count:int,cnt4:bigint,cd_dep_employed_count:int,cnt5:bigint,cd_dep_college_count:int,cnt6:bigint>
-- !query output
F	D	Advanced Degree     	1	3000	1	High Risk 	1	2	1	4	1	5	1
F	D	Unknown             	1	1500	1	Good      	1	6	1	5	1	4	1
M	D	College             	1	8500	1	Low Risk  	1	3	1	0	1	1	1
M	D	Primary             	1	7000	1	Unknown   	1	2	1	1	1	1	1
M	W	Unknown             	1	4500	1	Good      	1	5	1	0	1	1	1
