-- Automatically generated by TPCDSQueryTestSuite

-- !query schema
struct<sum(sales):decimal(28,2)>
-- !query output
17030.91
