-- Automatically generated by TPCDSQueryTestSuite

-- !query schema
struct<c_last_name:string,c_first_name:string,sales:decimal(28,2)>
-- !query output
NULL	Robert              	598.86
Brown                         	Monika              	6031.52
Collins                       	Gordon              	727.57
Green                         	Jesse               	9672.96
