-- Automatically generated by TPCDSQueryTestSuite

-- !query schema
struct<i_item_id:string,i_item_desc:string,s_store_id:string,s_store_name:string,store_sales_quantity:bigint,store_returns_quantity:bigint,catalog_sales_quantity:bigint>
-- !query output
AAAAAAAABOKDAAAA	Immediate women sell. Slowly sure measures might ensure in order from a duties. Privately aware damages may compensate so for example previous letters	AAAAAAAABAAAAAAA	ought	99	81	22
