-- Automatically generated by TPCDSQueryTestSuite

-- !query schema
struct<i_item_id:string,i_item_desc:string,i_current_price:decimal(7,2)>
-- !query output
AAAAAAAAHFMBAAAA	Jobs crack at all public countries. Possible, traditional initiatives will make british problems. Fiscal years call extremely just growing pupils. Soon dutch voices	86.11
