-- Automatically generated by TPCDSQueryTestSuite

-- !query schema
struct<s_store_name1:string,s_store_id1:string,d_week_seq1:int,(sun_sales1 / sun_sales2):decimal(37,20),(mon_sales1 / mon_sales2):decimal(37,20),(tue_sales1 / tue_sales2):decimal(37,20),(wed_sales1 / wed_sales2):decimal(37,20),(thu_sales1 / thu_sales2):decimal(37,20),(fri_sales1 / fri_sales2):decimal(37,20),(sat_sales1 / sat_sales2):decimal(37,20)>
-- !query output
able	AAAAAAAACAAAAAAA	5271	1.36265187580092930078	3.08639562548733430634	0.32208852257511291540	0.48042359796009775186	1.14163248063282065322	0.75984069332181787476	1.84548616820774883944
able	AAAAAAAACAAAAAAA	5271	1.36265187580092930078	3.08639562548733430634	0.32208852257511291540	0.48042359796009775186	1.14163248063282065322	0.75984069332181787476	1.84548616820774883944
able	AAAAAAAACAAAAAAA	5271	1.36265187580092930078	3.08639562548733430634	0.32208852257511291540	0.48042359796009775186	1.14163248063282065322	0.75984069332181787476	1.84548616820774883944
able	AAAAAAAACAAAAAAA	5271	1.36265187580092930078	3.08639562548733430634	0.32208852257511291540	0.48042359796009775186	1.14163248063282065322	0.75984069332181787476	1.84548616820774883944
able	AAAAAAAACAAAAAAA	5271	1.36265187580092930078	3.08639562548733430634	0.32208852257511291540	0.48042359796009775186	1.14163248063282065322	0.75984069332181787476	1.84548616820774883944
able	AAAAAAAACAAAAAAA	5271	1.36265187580092930078	3.08639562548733430634	0.32208852257511291540	0.48042359796009775186	1.14163248063282065322	0.75984069332181787476	1.84548616820774883944
able	AAAAAAAACAAAAAAA	5271	1.36265187580092930078	3.08639562548733430634	0.32208852257511291540	0.48042359796009775186	1.14163248063282065322	0.75984069332181787476	1.84548616820774883944
able	AAAAAAAACAAAAAAA	5271	1.36265187580092930078	3.08639562548733430634	0.32208852257511291540	0.48042359796009775186	1.14163248063282065322	0.75984069332181787476	1.84548616820774883944
able	AAAAAAAACAAAAAAA	5271	1.36265187580092930078	3.08639562548733430634	0.32208852257511291540	0.48042359796009775186	1.14163248063282065322	0.75984069332181787476	1.84548616820774883944
able	AAAAAAAACAAAAAAA	5271	1.36265187580092930078	3.08639562548733430634	0.32208852257511291540	0.48042359796009775186	1.14163248063282065322	0.75984069332181787476	1.84548616820774883944
able	AAAAAAAACAAAAAAA	5271	1.36265187580092930078	3.08639562548733430634	0.32208852257511291540	0.48042359796009775186	1.14163248063282065322	0.75984069332181787476	1.84548616820774883944
able	AAAAAAAACAAAAAAA	5271	1.36265187580092930078	3.08639562548733430634	0.32208852257511291540	0.48042359796009775186	1.14163248063282065322	0.75984069332181787476	1.84548616820774883944
able	AAAAAAAACAAAAAAA	5271	1.36265187580092930078	3.08639562548733430634	0.32208852257511291540	0.48042359796009775186	1.14163248063282065322	0.75984069332181787476	1.84548616820774883944
able	AAAAAAAACAAAAAAA	5271	1.36265187580092930078	3.08639562548733430634	0.32208852257511291540	0.48042359796009775186	1.14163248063282065322	0.75984069332181787476	1.84548616820774883944
able	AAAAAAAACAAAAAAA	5271	1.36265187580092930078	3.08639562548733430634	0.32208852257511291540	0.48042359796009775186	1.14163248063282065322	0.75984069332181787476	1.84548616820774883944
able	AAAAAAAACAAAAAAA	5271	1.36265187580092930078	3.08639562548733430634	0.32208852257511291540	0.48042359796009775186	1.14163248063282065322	0.75984069332181787476	1.84548616820774883944
able	AAAAAAAACAAAAAAA	5271	1.36265187580092930078	3.08639562548733430634	0.32208852257511291540	0.48042359796009775186	1.14163248063282065322	0.75984069332181787476	1.84548616820774883944
able	AAAAAAAACAAAAAAA	5271	1.36265187580092930078	3.08639562548733430634	0.32208852257511291540	0.48042359796009775186	1.14163248063282065322	0.75984069332181787476	1.84548616820774883944
able	AAAAAAAACAAAAAAA	5271	1.36265187580092930078	3.08639562548733430634	0.32208852257511291540	0.48042359796009775186	1.14163248063282065322	0.75984069332181787476	1.84548616820774883944
able	AAAAAAAACAAAAAAA	5271	1.36265187580092930078	3.08639562548733430634	0.32208852257511291540	0.48042359796009775186	1.14163248063282065322	0.75984069332181787476	1.84548616820774883944
able	AAAAAAAACAAAAAAA	5271	1.36265187580092930078	3.08639562548733430634	0.32208852257511291540	0.48042359796009775186	1.14163248063282065322	0.75984069332181787476	1.84548616820774883944
able	AAAAAAAACAAAAAAA	5271	1.36265187580092930078	3.08639562548733430634	0.32208852257511291540	0.48042359796009775186	1.14163248063282065322	0.75984069332181787476	1.84548616820774883944
able	AAAAAAAACAAAAAAA	5271	1.36265187580092930078	3.08639562548733430634	0.32208852257511291540	0.48042359796009775186	1.14163248063282065322	0.75984069332181787476	1.84548616820774883944
able	AAAAAAAACAAAAAAA	5271	1.36265187580092930078	3.08639562548733430634	0.32208852257511291540	0.48042359796009775186	1.14163248063282065322	0.75984069332181787476	1.84548616820774883944
able	AAAAAAAACAAAAAAA	5271	1.36265187580092930078	3.08639562548733430634	0.32208852257511291540	0.48042359796009775186	1.14163248063282065322	0.75984069332181787476	1.84548616820774883944
able	AAAAAAAACAAAAAAA	5271	1.36265187580092930078	3.08639562548733430634	0.32208852257511291540	0.48042359796009775186	1.14163248063282065322	0.75984069332181787476	1.84548616820774883944
able	AAAAAAAACAAAAAAA	5271	1.36265187580092930078	3.08639562548733430634	0.32208852257511291540	0.48042359796009775186	1.14163248063282065322	0.75984069332181787476	1.84548616820774883944
able	AAAAAAAACAAAAAAA	5271	1.36265187580092930078	3.08639562548733430634	0.32208852257511291540	0.48042359796009775186	1.14163248063282065322	0.75984069332181787476	1.84548616820774883944
able	AAAAAAAACAAAAAAA	5271	1.36265187580092930078	3.08639562548733430634	0.32208852257511291540	0.48042359796009775186	1.14163248063282065322	0.75984069332181787476	1.84548616820774883944
able	AAAAAAAACAAAAAAA	5271	1.36265187580092930078	3.08639562548733430634	0.32208852257511291540	0.48042359796009775186	1.14163248063282065322	0.75984069332181787476	1.84548616820774883944
able	AAAAAAAACAAAAAAA	5271	1.36265187580092930078	3.08639562548733430634	0.32208852257511291540	0.48042359796009775186	1.14163248063282065322	0.75984069332181787476	1.84548616820774883944
able	AAAAAAAACAAAAAAA	5271	1.36265187580092930078	3.08639562548733430634	0.32208852257511291540	0.48042359796009775186	1.14163248063282065322	0.75984069332181787476	1.84548616820774883944
able	AAAAAAAACAAAAAAA	5271	1.36265187580092930078	3.08639562548733430634	0.32208852257511291540	0.48042359796009775186	1.14163248063282065322	0.75984069332181787476	1.84548616820774883944
able	AAAAAAAACAAAAAAA	5271	1.36265187580092930078	3.08639562548733430634	0.32208852257511291540	0.48042359796009775186	1.14163248063282065322	0.75984069332181787476	1.84548616820774883944
able	AAAAAAAACAAAAAAA	5271	1.36265187580092930078	3.08639562548733430634	0.32208852257511291540	0.48042359796009775186	1.14163248063282065322	0.75984069332181787476	1.84548616820774883944
able	AAAAAAAACAAAAAAA	5271	1.36265187580092930078	3.08639562548733430634	0.32208852257511291540	0.48042359796009775186	1.14163248063282065322	0.75984069332181787476	1.84548616820774883944
able	AAAAAAAACAAAAAAA	5271	1.36265187580092930078	3.08639562548733430634	0.32208852257511291540	0.48042359796009775186	1.14163248063282065322	0.75984069332181787476	1.84548616820774883944
able	AAAAAAAACAAAAAAA	5271	1.36265187580092930078	3.08639562548733430634	0.32208852257511291540	0.48042359796009775186	1.14163248063282065322	0.75984069332181787476	1.84548616820774883944
able	AAAAAAAACAAAAAAA	5271	1.36265187580092930078	3.08639562548733430634	0.32208852257511291540	0.48042359796009775186	1.14163248063282065322	0.75984069332181787476	1.84548616820774883944
able	AAAAAAAACAAAAAAA	5271	1.36265187580092930078	3.08639562548733430634	0.32208852257511291540	0.48042359796009775186	1.14163248063282065322	0.75984069332181787476	1.84548616820774883944
able	AAAAAAAACAAAAAAA	5271	1.36265187580092930078	3.08639562548733430634	0.32208852257511291540	0.48042359796009775186	1.14163248063282065322	0.75984069332181787476	1.84548616820774883944
able	AAAAAAAACAAAAAAA	5271	1.36265187580092930078	3.08639562548733430634	0.32208852257511291540	0.48042359796009775186	1.14163248063282065322	0.75984069332181787476	1.84548616820774883944
able	AAAAAAAACAAAAAAA	5271	1.36265187580092930078	3.08639562548733430634	0.32208852257511291540	0.48042359796009775186	1.14163248063282065322	0.75984069332181787476	1.84548616820774883944
able	AAAAAAAACAAAAAAA	5271	1.36265187580092930078	3.08639562548733430634	0.32208852257511291540	0.48042359796009775186	1.14163248063282065322	0.75984069332181787476	1.84548616820774883944
able	AAAAAAAACAAAAAAA	5271	1.36265187580092930078	3.08639562548733430634	0.32208852257511291540	0.48042359796009775186	1.14163248063282065322	0.75984069332181787476	1.84548616820774883944
able	AAAAAAAACAAAAAAA	5271	1.36265187580092930078	3.08639562548733430634	0.32208852257511291540	0.48042359796009775186	1.14163248063282065322	0.75984069332181787476	1.84548616820774883944
able	AAAAAAAACAAAAAAA	5271	1.36265187580092930078	3.08639562548733430634	0.32208852257511291540	0.48042359796009775186	1.14163248063282065322	0.75984069332181787476	1.84548616820774883944
able	AAAAAAAACAAAAAAA	5271	1.36265187580092930078	3.08639562548733430634	0.32208852257511291540	0.48042359796009775186	1.14163248063282065322	0.75984069332181787476	1.84548616820774883944
able	AAAAAAAACAAAAAAA	5271	1.36265187580092930078	3.08639562548733430634	0.32208852257511291540	0.48042359796009775186	1.14163248063282065322	0.75984069332181787476	1.84548616820774883944
able	AAAAAAAACAAAAAAA	5272	1.09689572780273344165	0.75834761561609223944	0.68000725054379078431	0.98738612326077246564	1.00343721944337565730	1.33354788381053512053	0.99233802071051205355
able	AAAAAAAACAAAAAAA	5272	1.09689572780273344165	0.75834761561609223944	0.68000725054379078431	0.98738612326077246564	1.00343721944337565730	1.33354788381053512053	0.99233802071051205355
able	AAAAAAAACAAAAAAA	5272	1.09689572780273344165	0.75834761561609223944	0.68000725054379078431	0.98738612326077246564	1.00343721944337565730	1.33354788381053512053	0.99233802071051205355
able	AAAAAAAACAAAAAAA	5272	1.09689572780273344165	0.75834761561609223944	0.68000725054379078431	0.98738612326077246564	1.00343721944337565730	1.33354788381053512053	0.99233802071051205355
able	AAAAAAAACAAAAAAA	5272	1.09689572780273344165	0.75834761561609223944	0.68000725054379078431	0.98738612326077246564	1.00343721944337565730	1.33354788381053512053	0.99233802071051205355
able	AAAAAAAACAAAAAAA	5272	1.09689572780273344165	0.75834761561609223944	0.68000725054379078431	0.98738612326077246564	1.00343721944337565730	1.33354788381053512053	0.99233802071051205355
able	AAAAAAAACAAAAAAA	5272	1.09689572780273344165	0.75834761561609223944	0.68000725054379078431	0.98738612326077246564	1.00343721944337565730	1.33354788381053512053	0.99233802071051205355
able	AAAAAAAACAAAAAAA	5272	1.09689572780273344165	0.75834761561609223944	0.68000725054379078431	0.98738612326077246564	1.00343721944337565730	1.33354788381053512053	0.99233802071051205355
able	AAAAAAAACAAAAAAA	5272	1.09689572780273344165	0.75834761561609223944	0.68000725054379078431	0.98738612326077246564	1.00343721944337565730	1.33354788381053512053	0.99233802071051205355
able	AAAAAAAACAAAAAAA	5272	1.09689572780273344165	0.75834761561609223944	0.68000725054379078431	0.98738612326077246564	1.00343721944337565730	1.33354788381053512053	0.99233802071051205355
able	AAAAAAAACAAAAAAA	5272	1.09689572780273344165	0.75834761561609223944	0.68000725054379078431	0.98738612326077246564	1.00343721944337565730	1.33354788381053512053	0.99233802071051205355
able	AAAAAAAACAAAAAAA	5272	1.09689572780273344165	0.75834761561609223944	0.68000725054379078431	0.98738612326077246564	1.00343721944337565730	1.33354788381053512053	0.99233802071051205355
able	AAAAAAAACAAAAAAA	5272	1.09689572780273344165	0.75834761561609223944	0.68000725054379078431	0.98738612326077246564	1.00343721944337565730	1.33354788381053512053	0.99233802071051205355
able	AAAAAAAACAAAAAAA	5272	1.09689572780273344165	0.75834761561609223944	0.68000725054379078431	0.98738612326077246564	1.00343721944337565730	1.33354788381053512053	0.99233802071051205355
able	AAAAAAAACAAAAAAA	5272	1.09689572780273344165	0.75834761561609223944	0.68000725054379078431	0.98738612326077246564	1.00343721944337565730	1.33354788381053512053	0.99233802071051205355
able	AAAAAAAACAAAAAAA	5272	1.09689572780273344165	0.75834761561609223944	0.68000725054379078431	0.98738612326077246564	1.00343721944337565730	1.33354788381053512053	0.99233802071051205355
able	AAAAAAAACAAAAAAA	5272	1.09689572780273344165	0.75834761561609223944	0.68000725054379078431	0.98738612326077246564	1.00343721944337565730	1.33354788381053512053	0.99233802071051205355
able	AAAAAAAACAAAAAAA	5272	1.09689572780273344165	0.75834761561609223944	0.68000725054379078431	0.98738612326077246564	1.00343721944337565730	1.33354788381053512053	0.99233802071051205355
able	AAAAAAAACAAAAAAA	5272	1.09689572780273344165	0.75834761561609223944	0.68000725054379078431	0.98738612326077246564	1.00343721944337565730	1.33354788381053512053	0.99233802071051205355
able	AAAAAAAACAAAAAAA	5272	1.09689572780273344165	0.75834761561609223944	0.68000725054379078431	0.98738612326077246564	1.00343721944337565730	1.33354788381053512053	0.99233802071051205355
able	AAAAAAAACAAAAAAA	5272	1.09689572780273344165	0.75834761561609223944	0.68000725054379078431	0.98738612326077246564	1.00343721944337565730	1.33354788381053512053	0.99233802071051205355
able	AAAAAAAACAAAAAAA	5272	1.09689572780273344165	0.75834761561609223944	0.68000725054379078431	0.98738612326077246564	1.00343721944337565730	1.33354788381053512053	0.99233802071051205355
able	AAAAAAAACAAAAAAA	5272	1.09689572780273344165	0.75834761561609223944	0.68000725054379078431	0.98738612326077246564	1.00343721944337565730	1.33354788381053512053	0.99233802071051205355
able	AAAAAAAACAAAAAAA	5272	1.09689572780273344165	0.75834761561609223944	0.68000725054379078431	0.98738612326077246564	1.00343721944337565730	1.33354788381053512053	0.99233802071051205355
able	AAAAAAAACAAAAAAA	5272	1.09689572780273344165	0.75834761561609223944	0.68000725054379078431	0.98738612326077246564	1.00343721944337565730	1.33354788381053512053	0.99233802071051205355
able	AAAAAAAACAAAAAAA	5272	1.09689572780273344165	0.75834761561609223944	0.68000725054379078431	0.98738612326077246564	1.00343721944337565730	1.33354788381053512053	0.99233802071051205355
able	AAAAAAAACAAAAAAA	5272	1.09689572780273344165	0.75834761561609223944	0.68000725054379078431	0.98738612326077246564	1.00343721944337565730	1.33354788381053512053	0.99233802071051205355
able	AAAAAAAACAAAAAAA	5272	1.09689572780273344165	0.75834761561609223944	0.68000725054379078431	0.98738612326077246564	1.00343721944337565730	1.33354788381053512053	0.99233802071051205355
able	AAAAAAAACAAAAAAA	5272	1.09689572780273344165	0.75834761561609223944	0.68000725054379078431	0.98738612326077246564	1.00343721944337565730	1.33354788381053512053	0.99233802071051205355
able	AAAAAAAACAAAAAAA	5272	1.09689572780273344165	0.75834761561609223944	0.68000725054379078431	0.98738612326077246564	1.00343721944337565730	1.33354788381053512053	0.99233802071051205355
able	AAAAAAAACAAAAAAA	5272	1.09689572780273344165	0.75834761561609223944	0.68000725054379078431	0.98738612326077246564	1.00343721944337565730	1.33354788381053512053	0.99233802071051205355
able	AAAAAAAACAAAAAAA	5272	1.09689572780273344165	0.75834761561609223944	0.68000725054379078431	0.98738612326077246564	1.00343721944337565730	1.33354788381053512053	0.99233802071051205355
able	AAAAAAAACAAAAAAA	5272	1.09689572780273344165	0.75834761561609223944	0.68000725054379078431	0.98738612326077246564	1.00343721944337565730	1.33354788381053512053	0.99233802071051205355
able	AAAAAAAACAAAAAAA	5272	1.09689572780273344165	0.75834761561609223944	0.68000725054379078431	0.98738612326077246564	1.00343721944337565730	1.33354788381053512053	0.99233802071051205355
able	AAAAAAAACAAAAAAA	5272	1.09689572780273344165	0.75834761561609223944	0.68000725054379078431	0.98738612326077246564	1.00343721944337565730	1.33354788381053512053	0.99233802071051205355
able	AAAAAAAACAAAAAAA	5272	1.09689572780273344165	0.75834761561609223944	0.68000725054379078431	0.98738612326077246564	1.00343721944337565730	1.33354788381053512053	0.99233802071051205355
able	AAAAAAAACAAAAAAA	5272	1.09689572780273344165	0.75834761561609223944	0.68000725054379078431	0.98738612326077246564	1.00343721944337565730	1.33354788381053512053	0.99233802071051205355
able	AAAAAAAACAAAAAAA	5272	1.09689572780273344165	0.75834761561609223944	0.68000725054379078431	0.98738612326077246564	1.00343721944337565730	1.33354788381053512053	0.99233802071051205355
able	AAAAAAAACAAAAAAA	5272	1.09689572780273344165	0.75834761561609223944	0.68000725054379078431	0.98738612326077246564	1.00343721944337565730	1.33354788381053512053	0.99233802071051205355
able	AAAAAAAACAAAAAAA	5272	1.09689572780273344165	0.75834761561609223944	0.68000725054379078431	0.98738612326077246564	1.00343721944337565730	1.33354788381053512053	0.99233802071051205355
able	AAAAAAAACAAAAAAA	5272	1.09689572780273344165	0.75834761561609223944	0.68000725054379078431	0.98738612326077246564	1.00343721944337565730	1.33354788381053512053	0.99233802071051205355
able	AAAAAAAACAAAAAAA	5272	1.09689572780273344165	0.75834761561609223944	0.68000725054379078431	0.98738612326077246564	1.00343721944337565730	1.33354788381053512053	0.99233802071051205355
able	AAAAAAAACAAAAAAA	5272	1.09689572780273344165	0.75834761561609223944	0.68000725054379078431	0.98738612326077246564	1.00343721944337565730	1.33354788381053512053	0.99233802071051205355
able	AAAAAAAACAAAAAAA	5272	1.09689572780273344165	0.75834761561609223944	0.68000725054379078431	0.98738612326077246564	1.00343721944337565730	1.33354788381053512053	0.99233802071051205355
able	AAAAAAAACAAAAAAA	5272	1.09689572780273344165	0.75834761561609223944	0.68000725054379078431	0.98738612326077246564	1.00343721944337565730	1.33354788381053512053	0.99233802071051205355
able	AAAAAAAACAAAAAAA	5272	1.09689572780273344165	0.75834761561609223944	0.68000725054379078431	0.98738612326077246564	1.00343721944337565730	1.33354788381053512053	0.99233802071051205355
able	AAAAAAAACAAAAAAA	5272	1.09689572780273344165	0.75834761561609223944	0.68000725054379078431	0.98738612326077246564	1.00343721944337565730	1.33354788381053512053	0.99233802071051205355
able	AAAAAAAACAAAAAAA	5272	1.09689572780273344165	0.75834761561609223944	0.68000725054379078431	0.98738612326077246564	1.00343721944337565730	1.33354788381053512053	0.99233802071051205355
able	AAAAAAAACAAAAAAA	5272	1.09689572780273344165	0.75834761561609223944	0.68000725054379078431	0.98738612326077246564	1.00343721944337565730	1.33354788381053512053	0.99233802071051205355
able	AAAAAAAACAAAAAAA	5273	1.19728505080764215903	1.02715075434757572268	0.47495191280188074375	0.63246293381445168550	0.70891506186318804209	1.49232889938186165619	0.57400582745244495806
able	AAAAAAAACAAAAAAA	5273	1.19728505080764215903	1.02715075434757572268	0.47495191280188074375	0.63246293381445168550	0.70891506186318804209	1.49232889938186165619	0.57400582745244495806
