-- Automatically generated by TPCDSQueryTestSuite

-- !query schema
struct<promotions:decimal(17,2),total:decimal(17,2),((CAST(promotions AS DECIMAL(15,4)) / CAST(total AS DECIMAL(15,4))) * 100):decimal(38,19)>
-- !query output
2894229.70	5493575.41	52.6838986269599601250
