-- Automatically generated by TPCDSQueryTestSuite

-- !query schema
struct<s_store_name:string,sum(ss_net_profit):decimal(17,2)>
-- !query output
able	-9767751.88
ation	-10546549.93
bar	-10133672.06
ese	-10335181.30
ought	-10737659.56
