-- Automatically generated by TPCDSQueryTestSuite

-- !query schema
struct<i_item_id:string,i_item_desc:string,i_current_price:decimal(7,2)>
-- !query output
AAAAAAAAECMCAAAA	Rather vast companies pose quiet, actual carers. Close times take only simple possibilities. Current events might say only on a foundation	67.28
AAAAAAAALIHCAAAA	Things select increased views. Tools imagine for example; ever likely developments live so scottish benefits. Soft, short-term services should give indeed good illu	86.90
