-- Automatically generated by TPCDSQueryTestSuite

-- !query schema
struct<customer_id:string,customername:string>
-- !query output
AAAAAAAAAIPGAAAA	Carter                        , Rodney              
AAAAAAAAAKMBBAAA	Mcarthur                      , Emma                
AAAAAAAACBNHBAAA	Wells                         , Ron                 
AAAAAAAADBMEAAAA	Vera                          , Tina                
AAAAAAAADBMEAAAA	Vera                          , Tina                
AAAAAAAADHKGBAAA	Scott                         , Pamela              
AAAAAAAAEIIBBAAA	Atkins                        , Susan               
AAAAAAAAFKAHAAAA	Batiste                       , Ernest              
AAAAAAAAGHMAAAAA	Mitchell                      , Gregory             
AAAAAAAAIAODBAAA	Murray                        , Karen               
AAAAAAAAIEOKAAAA	Solomon                       , Clyde               
AAAAAAAAIIBOAAAA	Owens                         , David               
AAAAAAAAIPDCAAAA	Wallace                       , Eric                
AAAAAAAAIPIMAAAA	Hayward                       , Benjamin            
AAAAAAAAJCIKAAAA	Ramos                         , Donald              
AAAAAAAAKFJEAAAA	Roberts                       , Yvonne              
AAAAAAAAKPGBBAAA	NULL
AAAAAAAALCLABAAA	Whitaker                      , Lettie              
AAAAAAAAMGMEAAAA	Sharp                         , Michael             
AAAAAAAAMIGBBAAA	Montgomery                    , Jesenia             
AAAAAAAAMPDKAAAA	Lopez                         , Isabel              
AAAAAAAANEOMAAAA	Powell                        , Linda               
AAAAAAAANKPCAAAA	Shaffer                       , Sergio              
AAAAAAAANOCKAAAA	Vargas                        , James               
AAAAAAAAOGJEBAAA	Owens                         , Denice
