-- Automatically generated by TPCDSQueryTestSuite

-- !query schema
struct<order count :bigint,total shipping cost :decimal(17,2),total net profit :decimal(17,2)>
-- !query output
33	64554.35	-3979.35
