-- Automatically generated by SQLQueryTestSuite
-- Number of queries: 18


-- !query
SELECT CEIL(2.5, 0)
-- !query schema
struct<ceil(2.5, 0):decimal(2,0)>
-- !query output
3


-- !query
SELECT CEIL(3.5, 0)
-- !query schema
struct<ceil(3.5, 0):decimal(2,0)>
-- !query output
4


-- !query
SELECT CEIL(-2.5, 0)
-- !query schema
struct<ceil(-2.5, 0):decimal(2,0)>
-- !query output
-2


-- !query
SELECT CEIL(-3.5, 0)
-- !query schema
struct<ceil(-3.5, 0):decimal(2,0)>
-- !query output
-3


-- !query
SELECT CEIL(-0.35, 1)
-- !query schema
struct<ceil(-0.35, 1):decimal(2,1)>
-- !query output
-0.3


-- !query
SELECT CEIL(-35, -1)
-- !query schema
struct<ceil(-35, -1):decimal(10,0)>
-- !query output
-30


-- !query
SELECT CEIL(-0.1, 0)
-- !query schema
struct<ceil(-0.1, 0):decimal(1,0)>
-- !query output
0


-- !query
SELECT CEIL(5, 0)
-- !query schema
struct<ceil(5, 0):decimal(10,0)>
-- !query output
5


-- !query
SELECT CEIL(3.14115, -3)
-- !query schema
struct<ceil(3.14115, -3):decimal(6,0)>
-- !query output
1000


-- !query
SELECT CEIL(2.5, null)
-- !query schema
struct<>
-- !query output
org.apache.spark.sql.AnalysisException
The 'scale' parameter of function 'ceil' must be an int constant.; line 1 pos 7


-- !query
SELECT CEIL(2.5, 'a')
-- !query schema
struct<>
-- !query output
org.apache.spark.sql.AnalysisException
The 'scale' parameter of function 'ceil' must be an int constant.; line 1 pos 7


-- !query
SELECT CEIL(2.5, 0, 0)
-- !query schema
struct<>
-- !query output
org.apache.spark.sql.AnalysisException
Invalid number of parameters to the function 'ceil'.; line 1 pos 7


-- !query
SELECT FLOOR(2.5, 0)
-- !query schema
struct<floor(2.5, 0):decimal(2,0)>
-- !query output
2


-- !query
SELECT FLOOR(3.5, 0)
-- !query schema
struct<floor(3.5, 0):decimal(2,0)>
-- !query output
3


-- !query
SELECT FLOOR(-2.5, 0)
-- !query schema
struct<floor(-2.5, 0):decimal(2,0)>
-- !query output
-3


-- !query
SELECT FLOOR(-3.5, 0)
-- !query schema
struct<floor(-3.5, 0):decimal(2,0)>
-- !query output
-4


-- !query
SELECT FLOOR(-0.35, 1)
-- !query schema
struct<floor(-0.35, 1):decimal(2,1)>
-- !query output
-0.4


-- !query
SELECT FLOOR(-35, -1)
-- !query schema
struct<floor(-35, -1):decimal(10,0)>
-- !query output
-40


-- !query
SELECT FLOOR(-0.1, 0)
-- !query schema
struct<floor(-0.1, 0):decimal(1,0)>
-- !query output
-1


-- !query
SELECT FLOOR(5, 0)
-- !query schema
struct<floor(5, 0):decimal(10,0)>
-- !query output
5


-- !query
SELECT FLOOR(3.14115, -3)
-- !query schema
struct<floor(3.14115, -3):decimal(6,0)>
-- !query output
0


-- !query
SELECT FLOOR(2.5, null)
-- !query schema
struct<>
-- !query output
org.apache.spark.sql.AnalysisException
The 'scale' parameter of function 'floor' must be an int constant.; line 1 pos 7


-- !query
SELECT FLOOR(2.5, 'a')
-- !query schema
struct<>
-- !query output
org.apache.spark.sql.AnalysisException
The 'scale' parameter of function 'floor' must be an int constant.; line 1 pos 7


-- !query
SELECT FLOOR(2.5, 0, 0)
-- !query schema
struct<>
-- !query output
org.apache.spark.sql.AnalysisException
Invalid number of parameters to the function 'floor'.; line 1 pos 7
