-- Automatically generated by SQLQueryTestSuite
-- !query
select current_database(), current_catalog()
-- !query schema
struct<current_database():string,current_catalog():string>
-- !query output
default	spark_catalog
