-- Automatically generated by SQLQueryTestSuite
-- !query
SELECT mask('AbCD123-@$#', lowerChar => 'q', upperChar => 'Q', otherChar => 'o', digitChar => 'd')
-- !query schema
struct<>
-- !query output
org.apache.spark.sql.AnalysisException
{
  "errorClass" : "DATATYPE_MISMATCH.NON_FOLDABLE_INPUT",
  "sqlState" : "42K09",
  "messageParameters" : {
    "inputExpr" : "\"namedargumentexpression(q)\"",
    "inputName" : "upperChar",
    "inputType" : "\"STRING\"",
    "sqlExpr" : "\"mask(AbCD123-@$#, namedargumentexpression(q), namedargumentexpression(Q), namedargumentexpression(o), namedargumentexpression(d))\""
  },
  "queryContext" : [ {
    "objectType" : "",
    "objectName" : "",
    "startIndex" : 8,
    "stopIndex" : 98,
    "fragment" : "mask('AbCD123-@$#', lowerChar => 'q', upperChar => 'Q', otherChar => 'o', digitChar => 'd')"
  } ]
}


-- !query
SELECT mask(lowerChar => 'q', upperChar => 'Q', otherChar => 'o', digitChar => 'd', str => 'AbCD123-@$#')
-- !query schema
struct<>
-- !query output
org.apache.spark.sql.AnalysisException
{
  "errorClass" : "DATATYPE_MISMATCH.NON_FOLDABLE_INPUT",
  "sqlState" : "42K09",
  "messageParameters" : {
    "inputExpr" : "\"namedargumentexpression(Q)\"",
    "inputName" : "upperChar",
    "inputType" : "\"STRING\"",
    "sqlExpr" : "\"mask(namedargumentexpression(q), namedargumentexpression(Q), namedargumentexpression(o), namedargumentexpression(d), namedargumentexpression(AbCD123-@$#))\""
  },
  "queryContext" : [ {
    "objectType" : "",
    "objectName" : "",
    "startIndex" : 8,
    "stopIndex" : 105,
    "fragment" : "mask(lowerChar => 'q', upperChar => 'Q', otherChar => 'o', digitChar => 'd', str => 'AbCD123-@$#')"
  } ]
}


-- !query
SELECT mask('AbCD123-@$#', lowerChar => 'q', upperChar => 'Q', digitChar => 'd')
-- !query schema
struct<>
-- !query output
org.apache.spark.sql.AnalysisException
{
  "errorClass" : "DATATYPE_MISMATCH.NON_FOLDABLE_INPUT",
  "sqlState" : "42K09",
  "messageParameters" : {
    "inputExpr" : "\"namedargumentexpression(q)\"",
    "inputName" : "upperChar",
    "inputType" : "\"STRING\"",
    "sqlExpr" : "\"mask(AbCD123-@$#, namedargumentexpression(q), namedargumentexpression(Q), namedargumentexpression(d), NULL)\""
  },
  "queryContext" : [ {
    "objectType" : "",
    "objectName" : "",
    "startIndex" : 8,
    "stopIndex" : 80,
    "fragment" : "mask('AbCD123-@$#', lowerChar => 'q', upperChar => 'Q', digitChar => 'd')"
  } ]
}


-- !query
SELECT mask(lowerChar => 'q', upperChar => 'Q', digitChar => 'd', str => 'AbCD123-@$#')
-- !query schema
struct<>
-- !query output
org.apache.spark.sql.AnalysisException
{
  "errorClass" : "DATATYPE_MISMATCH.NON_FOLDABLE_INPUT",
  "sqlState" : "42K09",
  "messageParameters" : {
    "inputExpr" : "\"namedargumentexpression(Q)\"",
    "inputName" : "upperChar",
    "inputType" : "\"STRING\"",
    "sqlExpr" : "\"mask(namedargumentexpression(q), namedargumentexpression(Q), namedargumentexpression(d), namedargumentexpression(AbCD123-@$#), NULL)\""
  },
  "queryContext" : [ {
    "objectType" : "",
    "objectName" : "",
    "startIndex" : 8,
    "stopIndex" : 87,
    "fragment" : "mask(lowerChar => 'q', upperChar => 'Q', digitChar => 'd', str => 'AbCD123-@$#')"
  } ]
}


-- !query
SELECT mask(lowerChar => 'q', 'AbCD123-@$#', upperChar => 'Q', otherChar => 'o', digitChar => 'd')
-- !query schema
struct<>
-- !query output
org.apache.spark.sql.AnalysisException
{
  "errorClass" : "DATATYPE_MISMATCH.INPUT_SIZE_NOT_ONE",
  "sqlState" : "42K09",
  "messageParameters" : {
    "exprName" : "upperChar",
    "sqlExpr" : "\"mask(namedargumentexpression(q), AbCD123-@$#, namedargumentexpression(Q), namedargumentexpression(o), namedargumentexpression(d))\""
  },
  "queryContext" : [ {
    "objectType" : "",
    "objectName" : "",
    "startIndex" : 8,
    "stopIndex" : 98,
    "fragment" : "mask(lowerChar => 'q', 'AbCD123-@$#', upperChar => 'Q', otherChar => 'o', digitChar => 'd')"
  } ]
}
