-- Automatically generated by SQLQueryTestSuite
-- Number of queries: 2


-- !query
SET spark.sql.optimizer.excludedRules=org.apache.spark.sql.catalyst.optimizer.ReplaceCTERefWithRepartition
-- !query schema
struct<key:string,value:string>
-- !query output
spark.sql.optimizer.excludedRules	org.apache.spark.sql.catalyst.optimizer.ReplaceCTERefWithRepartition


-- !query
SELECT
  (SELECT min(id) FROM range(10)),
  (SELECT sum(id) FROM range(10)),
  (SELECT count(distinct id) FROM range(10))
-- !query schema
struct<scalarsubquery():bigint,scalarsubquery():bigint,scalarsubquery():bigint>
-- !query output
0	45	10
