-- Automatically generated by SQLQueryTestSuite
-- Number of queries: 10


-- !query
SELECT regexp_extract('1a 2b 14m', '\\d+')
-- !query schema
struct<>
-- !query output
java.lang.IllegalArgumentException
Regex group count is 0, but the specified group index is 1


-- !query
SELECT regexp_extract('1a 2b 14m', '\\d+', 0)
-- !query schema
struct<regexp_extract(1a 2b 14m, \d+, 0):string>
-- !query output
1


-- !query
SELECT regexp_extract('1a 2b 14m', '\\d+', 1)
-- !query schema
struct<>
-- !query output
java.lang.IllegalArgumentException
Regex group count is 0, but the specified group index is 1


-- !query
SELECT regexp_extract('1a 2b 14m', '\\d+', 2)
-- !query schema
struct<>
-- !query output
java.lang.IllegalArgumentException
Regex group count is 0, but the specified group index is 2


-- !query
SELECT regexp_extract('1a 2b 14m', '\\d+', -1)
-- !query schema
struct<>
-- !query output
java.lang.IllegalArgumentException
The specified group index cannot be less than zero


-- !query
SELECT regexp_extract('1a 2b 14m', '(\\d+)([a-z]+)')
-- !query schema
struct<regexp_extract(1a 2b 14m, (\d+)([a-z]+), 1):string>
-- !query output
1


-- !query
SELECT regexp_extract('1a 2b 14m', '(\\d+)([a-z]+)', 0)
-- !query schema
struct<regexp_extract(1a 2b 14m, (\d+)([a-z]+), 0):string>
-- !query output
1a


-- !query
SELECT regexp_extract('1a 2b 14m', '(\\d+)([a-z]+)', 1)
-- !query schema
struct<regexp_extract(1a 2b 14m, (\d+)([a-z]+), 1):string>
-- !query output
1


-- !query
SELECT regexp_extract('1a 2b 14m', '(\\d+)([a-z]+)', 2)
-- !query schema
struct<regexp_extract(1a 2b 14m, (\d+)([a-z]+), 2):string>
-- !query output
a


-- !query
SELECT regexp_extract('1a 2b 14m', '(\\d+)([a-z]+)', -1)
-- !query schema
struct<>
-- !query output
java.lang.IllegalArgumentException
The specified group index cannot be less than zero