-- Automatically generated by SQLQueryTestSuite
-- !query
SELECT * FROM parquet.``
-- !query schema
struct<>
-- !query output
org.apache.spark.sql.AnalysisException
{
  "errorClass" : "INVALID_EMPTY_LOCATION",
  "sqlState" : "42K05",
  "messageParameters" : {
    "location" : ""
  },
  "queryContext" : [ {
    "objectType" : "",
    "objectName" : "",
    "startIndex" : 15,
    "stopIndex" : 24,
    "fragment" : "parquet.``"
  } ]
}


-- !query
SELECT * FROM parquet.`/file/not/found`
-- !query schema
struct<>
-- !query output
org.apache.spark.sql.AnalysisException
{
  "errorClass" : "PATH_NOT_FOUND",
  "sqlState" : "42K03",
  "messageParameters" : {
    "path" : "file:/file/not/found"
  }
}


-- !query
SELECT * FROM parquet.`src/test/resources/test-data/dec-in-fixed-len.parquet` LIMIT 1
-- !query schema
struct<fixed_len_dec:decimal(10,2)>
-- !query output
0.00


-- !query
SELECT * FROM orc.``
-- !query schema
struct<>
-- !query output
org.apache.spark.sql.AnalysisException
{
  "errorClass" : "INVALID_EMPTY_LOCATION",
  "sqlState" : "42K05",
  "messageParameters" : {
    "location" : ""
  },
  "queryContext" : [ {
    "objectType" : "",
    "objectName" : "",
    "startIndex" : 15,
    "stopIndex" : 20,
    "fragment" : "orc.``"
  } ]
}


-- !query
SELECT * FROM orc.`/file/not/found`
-- !query schema
struct<>
-- !query output
org.apache.spark.sql.AnalysisException
{
  "errorClass" : "PATH_NOT_FOUND",
  "sqlState" : "42K03",
  "messageParameters" : {
    "path" : "file:/file/not/found"
  }
}


-- !query
SELECT * FROM orc.`src/test/resources/test-data/before_1582_date_v2_4.snappy.orc` LIMIT 1
-- !query schema
struct<dt:date>
-- !query output
1200-01-01


-- !query
SELECT * FROM csv.``
-- !query schema
struct<>
-- !query output
org.apache.spark.sql.AnalysisException
{
  "errorClass" : "INVALID_EMPTY_LOCATION",
  "sqlState" : "42K05",
  "messageParameters" : {
    "location" : ""
  },
  "queryContext" : [ {
    "objectType" : "",
    "objectName" : "",
    "startIndex" : 15,
    "stopIndex" : 20,
    "fragment" : "csv.``"
  } ]
}


-- !query
SELECT * FROM csv.`/file/not/found`
-- !query schema
struct<>
-- !query output
org.apache.spark.sql.AnalysisException
{
  "errorClass" : "PATH_NOT_FOUND",
  "sqlState" : "42K03",
  "messageParameters" : {
    "path" : "file:/file/not/found"
  }
}


-- !query
SELECT * FROM csv.`src/test/resources/test-data/cars.csv` LIMIT 1
-- !query schema
struct<_c0:string,_c1:string,_c2:string,_c3:string,_c4:string>
-- !query output
year	make	model	comment	blank


-- !query
SELECT * FROM json.``
-- !query schema
struct<>
-- !query output
org.apache.spark.sql.AnalysisException
{
  "errorClass" : "INVALID_EMPTY_LOCATION",
  "sqlState" : "42K05",
  "messageParameters" : {
    "location" : ""
  },
  "queryContext" : [ {
    "objectType" : "",
    "objectName" : "",
    "startIndex" : 15,
    "stopIndex" : 21,
    "fragment" : "json.``"
  } ]
}


-- !query
SELECT * FROM json.`/file/not/found`
-- !query schema
struct<>
-- !query output
org.apache.spark.sql.AnalysisException
{
  "errorClass" : "PATH_NOT_FOUND",
  "sqlState" : "42K03",
  "messageParameters" : {
    "path" : "file:/file/not/found"
  }
}


-- !query
SELECT * FROM json.`src/test/resources/test-data/with-map-fields.json` LIMIT 1
-- !query schema
struct<id:bigint,intervals:struct<a:struct<endTime:bigint,startTime:bigint>,b:struct<endTime:bigint,startTime:bigint>>>
-- !query output
1	{"a":{"endTime":211,"startTime":111},"b":{"endTime":221,"startTime":121}}
