-- Automatically generated by SQLQueryTestSuite
-- Number of queries: 8


-- !query
SELECT try_add(1, 1)
-- !query schema
struct<try_add(1, 1):int>
-- !query output
2


-- !query
SELECT try_add(2147483647, 1)
-- !query schema
struct<try_add(2147483647, 1):int>
-- !query output
NULL


-- !query
SELECT try_add(-2147483648, -1)
-- !query schema
struct<try_add(-2147483648, -1):int>
-- !query output
NULL


-- !query
SELECT try_add(9223372036854775807L, 1)
-- !query schema
struct<try_add(9223372036854775807, 1):bigint>
-- !query output
NULL


-- !query
SELECT try_add(-9223372036854775808L, -1)
-- !query schema
struct<try_add(-9223372036854775808, -1):bigint>
-- !query output
NULL


-- !query
SELECT try_divide(1, 0.5)
-- !query schema
struct<try_divide(1, 0.5):decimal(8,6)>
-- !query output
2.000000


-- !query
SELECT try_divide(1, 0)
-- !query schema
struct<try_divide(1, 0):double>
-- !query output
NULL


-- !query
SELECT try_divide(0, 0)
-- !query schema
struct<try_divide(0, 0):double>
-- !query output
NULL
