-- Automatically generated by SQLQueryTestSuite
-- Number of queries: 60


-- !query
CREATE TABLE DATE_TBL (f1 date) USING parquet
-- !query schema
struct<>
-- !query output



-- !query
INSERT INTO DATE_TBL VALUES (date('1957-04-09'))
-- !query schema
struct<>
-- !query output



-- !query
INSERT INTO DATE_TBL VALUES (date('1957-06-13'))
-- !query schema
struct<>
-- !query output



-- !query
INSERT INTO DATE_TBL VALUES (date('1996-02-28'))
-- !query schema
struct<>
-- !query output



-- !query
INSERT INTO DATE_TBL VALUES (date('1996-02-29'))
-- !query schema
struct<>
-- !query output



-- !query
INSERT INTO DATE_TBL VALUES (date('1996-03-01'))
-- !query schema
struct<>
-- !query output



-- !query
INSERT INTO DATE_TBL VALUES (date('1996-03-02'))
-- !query schema
struct<>
-- !query output



-- !query
INSERT INTO DATE_TBL VALUES (date('1997-02-28'))
-- !query schema
struct<>
-- !query output



-- !query
INSERT INTO DATE_TBL VALUES (date('1997-03-01'))
-- !query schema
struct<>
-- !query output



-- !query
INSERT INTO DATE_TBL VALUES (date('1997-03-02'))
-- !query schema
struct<>
-- !query output



-- !query
INSERT INTO DATE_TBL VALUES (date('2000-04-01'))
-- !query schema
struct<>
-- !query output



-- !query
INSERT INTO DATE_TBL VALUES (date('2000-04-02'))
-- !query schema
struct<>
-- !query output



-- !query
INSERT INTO DATE_TBL VALUES (date('2000-04-03'))
-- !query schema
struct<>
-- !query output



-- !query
INSERT INTO DATE_TBL VALUES (date('2038-04-08'))
-- !query schema
struct<>
-- !query output



-- !query
INSERT INTO DATE_TBL VALUES (date('2039-04-09'))
-- !query schema
struct<>
-- !query output



-- !query
INSERT INTO DATE_TBL VALUES (date('2040-04-10'))
-- !query schema
struct<>
-- !query output



-- !query
SELECT f1 AS `Fifteen` FROM DATE_TBL
-- !query schema
struct<Fifteen:date>
-- !query output
1957-04-09
1957-06-13
1996-02-28
1996-02-29
1996-03-01
1996-03-02
1997-02-28
1997-03-01
1997-03-02
2000-04-01
2000-04-02
2000-04-03
2038-04-08
2039-04-09
2040-04-10


-- !query
SELECT f1 AS `Nine` FROM DATE_TBL WHERE f1 < '2000-01-01'
-- !query schema
struct<Nine:date>
-- !query output
1957-04-09
1957-06-13
1996-02-28
1996-02-29
1996-03-01
1996-03-02
1997-02-28
1997-03-01
1997-03-02


-- !query
SELECT f1 AS `Three` FROM DATE_TBL
  WHERE f1 BETWEEN '2000-01-01' AND '2001-01-01'
-- !query schema
struct<Three:date>
-- !query output
2000-04-01
2000-04-02
2000-04-03


-- !query
SELECT date '1999-01-08'
-- !query schema
struct<DATE '1999-01-08':date>
-- !query output
1999-01-08


-- !query
SELECT date '1999-01-18'
-- !query schema
struct<DATE '1999-01-18':date>
-- !query output
1999-01-18


-- !query
SELECT date '1999 Jan 08'
-- !query schema
struct<>
-- !query output
org.apache.spark.sql.catalyst.parser.ParseException

Cannot parse the DATE value: 1999 Jan 08(line 1, pos 7)

== SQL ==
SELECT date '1999 Jan 08'
-------^^^


-- !query
SELECT date '1999 08 Jan'
-- !query schema
struct<>
-- !query output
org.apache.spark.sql.catalyst.parser.ParseException

Cannot parse the DATE value: 1999 08 Jan(line 1, pos 7)

== SQL ==
SELECT date '1999 08 Jan'
-------^^^


-- !query
SELECT date '1999-01-08'
-- !query schema
struct<DATE '1999-01-08':date>
-- !query output
1999-01-08


-- !query
SELECT date '1999-08-01'
-- !query schema
struct<DATE '1999-08-01':date>
-- !query output
1999-08-01


-- !query
SELECT date '1999 01 08'
-- !query schema
struct<>
-- !query output
org.apache.spark.sql.catalyst.parser.ParseException

Cannot parse the DATE value: 1999 01 08(line 1, pos 7)

== SQL ==
SELECT date '1999 01 08'
-------^^^


-- !query
SELECT date '1999 08 01'
-- !query schema
struct<>
-- !query output
org.apache.spark.sql.catalyst.parser.ParseException

Cannot parse the DATE value: 1999 08 01(line 1, pos 7)

== SQL ==
SELECT date '1999 08 01'
-------^^^


-- !query
SELECT date '1999-01-08'
-- !query schema
struct<DATE '1999-01-08':date>
-- !query output
1999-01-08


-- !query
SELECT date '1999 Jan 08'
-- !query schema
struct<>
-- !query output
org.apache.spark.sql.catalyst.parser.ParseException

Cannot parse the DATE value: 1999 Jan 08(line 1, pos 7)

== SQL ==
SELECT date '1999 Jan 08'
-------^^^


-- !query
SELECT date '1999 08 Jan'
-- !query schema
struct<>
-- !query output
org.apache.spark.sql.catalyst.parser.ParseException

Cannot parse the DATE value: 1999 08 Jan(line 1, pos 7)

== SQL ==
SELECT date '1999 08 Jan'
-------^^^


-- !query
SELECT date '1999-01-08'
-- !query schema
struct<DATE '1999-01-08':date>
-- !query output
1999-01-08


-- !query
SELECT date '1999-08-01'
-- !query schema
struct<DATE '1999-08-01':date>
-- !query output
1999-08-01


-- !query
SELECT date '1999 01 08'
-- !query schema
struct<>
-- !query output
org.apache.spark.sql.catalyst.parser.ParseException

Cannot parse the DATE value: 1999 01 08(line 1, pos 7)

== SQL ==
SELECT date '1999 01 08'
-------^^^


-- !query
SELECT date '1999 08 01'
-- !query schema
struct<>
-- !query output
org.apache.spark.sql.catalyst.parser.ParseException

Cannot parse the DATE value: 1999 08 01(line 1, pos 7)

== SQL ==
SELECT date '1999 08 01'
-------^^^


-- !query
SELECT date '1999-01-08'
-- !query schema
struct<DATE '1999-01-08':date>
-- !query output
1999-01-08


-- !query
SELECT date '1999-01-18'
-- !query schema
struct<DATE '1999-01-18':date>
-- !query output
1999-01-18


-- !query
SELECT date '1999 Jan 08'
-- !query schema
struct<>
-- !query output
org.apache.spark.sql.catalyst.parser.ParseException

Cannot parse the DATE value: 1999 Jan 08(line 1, pos 7)

== SQL ==
SELECT date '1999 Jan 08'
-------^^^


-- !query
SELECT date '1999 08 Jan'
-- !query schema
struct<>
-- !query output
org.apache.spark.sql.catalyst.parser.ParseException

Cannot parse the DATE value: 1999 08 Jan(line 1, pos 7)

== SQL ==
SELECT date '1999 08 Jan'
-------^^^


-- !query
SELECT date '1999-01-08'
-- !query schema
struct<DATE '1999-01-08':date>
-- !query output
1999-01-08


-- !query
SELECT date '1999-08-01'
-- !query schema
struct<DATE '1999-08-01':date>
-- !query output
1999-08-01


-- !query
SELECT date '1999 01 08'
-- !query schema
struct<>
-- !query output
org.apache.spark.sql.catalyst.parser.ParseException

Cannot parse the DATE value: 1999 01 08(line 1, pos 7)

== SQL ==
SELECT date '1999 01 08'
-------^^^


-- !query
SELECT date '1999 08 01'
-- !query schema
struct<>
-- !query output
org.apache.spark.sql.catalyst.parser.ParseException

Cannot parse the DATE value: 1999 08 01(line 1, pos 7)

== SQL ==
SELECT date '1999 08 01'
-------^^^


-- !query
SELECT date '4714-11-24 BC'
-- !query schema
struct<DATE '4714-11-24':date>
-- !query output
4714-11-24


-- !query
SELECT date '4714-11-23 BC'
-- !query schema
struct<DATE '4714-11-23':date>
-- !query output
4714-11-23


-- !query
SELECT date '5874897-12-31'
-- !query schema
struct<>
-- !query output
org.apache.spark.sql.catalyst.parser.ParseException

Cannot parse the DATE value: 5874897-12-31(line 1, pos 7)

== SQL ==
SELECT date '5874897-12-31'
-------^^^


-- !query
SELECT date '5874898-01-01'
-- !query schema
struct<>
-- !query output
org.apache.spark.sql.catalyst.parser.ParseException

Cannot parse the DATE value: 5874898-01-01(line 1, pos 7)

== SQL ==
SELECT date '5874898-01-01'
-------^^^


-- !query
SELECT f1 - date '2000-01-01' AS `Days From 2K` FROM DATE_TBL
-- !query schema
struct<Days From 2K:day-time interval>
-- !query output
-1035 00:00:00.000000000
-1036 00:00:00.000000000
-1037 00:00:00.000000000
-1400 00:00:00.000000000
-1401 00:00:00.000000000
-1402 00:00:00.000000000
-1403 00:00:00.000000000
-15542 00:00:00.000000000
-15607 00:00:00.000000000
13977 00:00:00.000000000
14343 00:00:00.000000000
14710 00:00:00.000000000
91 00:00:00.000000000
92 00:00:00.000000000
93 00:00:00.000000000


-- !query
SELECT f1 - date 'epoch' AS `Days From Epoch` FROM DATE_TBL
-- !query schema
struct<Days From Epoch:day-time interval>
-- !query output
-4585 00:00:00.000000000
-4650 00:00:00.000000000
11048 00:00:00.000000000
11049 00:00:00.000000000
11050 00:00:00.000000000
24934 00:00:00.000000000
25300 00:00:00.000000000
25667 00:00:00.000000000
9554 00:00:00.000000000
9555 00:00:00.000000000
9556 00:00:00.000000000
9557 00:00:00.000000000
9920 00:00:00.000000000
9921 00:00:00.000000000
9922 00:00:00.000000000


-- !query
SELECT date 'yesterday' - date 'today' AS `One day`
-- !query schema
struct<One day:day-time interval>
-- !query output
-1 00:00:00.000000000


-- !query
SELECT date 'today' - date 'tomorrow' AS `One day`
-- !query schema
struct<One day:day-time interval>
-- !query output
-1 00:00:00.000000000


-- !query
SELECT date 'yesterday' - date 'tomorrow' AS `Two days`
-- !query schema
struct<Two days:day-time interval>
-- !query output
-2 00:00:00.000000000


-- !query
SELECT date 'tomorrow' - date 'today' AS `One day`
-- !query schema
struct<One day:day-time interval>
-- !query output
1 00:00:00.000000000


-- !query
SELECT date 'today' - date 'yesterday' AS `One day`
-- !query schema
struct<One day:day-time interval>
-- !query output
1 00:00:00.000000000


-- !query
SELECT date 'tomorrow' - date 'yesterday' AS `Two days`
-- !query schema
struct<Two days:day-time interval>
-- !query output
2 00:00:00.000000000


-- !query
select make_date(2013, 7, 15)
-- !query schema
struct<make_date(2013, 7, 15):date>
-- !query output
2013-07-15


-- !query
select make_date(-44, 3, 15)
-- !query schema
struct<make_date(-44, 3, 15):date>
-- !query output
0045-03-15


-- !query
select make_date(2013, 2, 30)
-- !query schema
struct<>
-- !query output
java.time.DateTimeException
Invalid date 'FEBRUARY 30'


-- !query
select make_date(2013, 13, 1)
-- !query schema
struct<>
-- !query output
java.time.DateTimeException
Invalid value for MonthOfYear (valid values 1 - 12): 13


-- !query
select make_date(2013, 11, -1)
-- !query schema
struct<>
-- !query output
java.time.DateTimeException
Invalid value for DayOfMonth (valid values 1 - 28/31): -1


-- !query
DROP TABLE DATE_TBL
-- !query schema
struct<>
-- !query output

