-- Automatically generated by TPCDSQueryTestSuite

-- !query schema
struct<channel:string,i_brand_id:int,i_class_id:int,i_category_id:int,sales:decimal(28,2),number_sales:bigint,channel:string,i_brand_id:int,i_class_id:int,i_category_id:int,sales:decimal(28,2),number_sales:bigint>
-- !query output
store	1001001	1	1	1357111.72	352	store	1001001	1	1	1400694.96	348
store	1001002	1	1	612783.28	173	store	1001002	1	1	678664.99	182
store	1002001	2	1	1266429.27	374	store	1002001	2	1	1501055.84	370
store	1002002	2	1	725438.17	167	store	1002002	2	1	621229.60	172
store	1003001	3	1	1292349.92	328	store	1003001	3	1	1145472.88	301
store	1003002	3	1	516736.99	134	store	1003002	3	1	628517.74	160
store	1004001	4	1	1260793.84	353	store	1004001	4	1	1100548.42	319
store	1004002	4	1	745243.26	195	store	1004002	4	1	755785.31	194
store	2001001	1	2	1150301.37	350	store	2001001	1	2	1555889.00	383
store	2001002	1	2	602814.58	168	store	2001002	1	2	518722.92	132
store	2002001	2	2	1413218.61	387	store	2002001	2	2	1521716.91	392
store	2002002	2	2	722662.13	188	store	2002002	2	2	518205.96	148
store	2003001	3	2	1209787.66	321	store	2003001	3	2	1083622.99	303
store	2003002	3	2	664161.23	168	store	2003002	3	2	517615.40	166
store	2004001	4	2	1525101.40	423	store	2004001	4	2	1495901.62	408
store	2004002	4	2	647479.61	177	store	2004002	4	2	629110.21	163
store	3001001	1	3	1271524.69	345	store	3001001	1	3	1228945.08	347
store	3001002	1	3	552215.96	167	store	3001002	1	3	590750.02	159
store	3002001	2	3	1371240.03	375	store	3002001	2	3	1267360.60	327
store	3002002	2	3	738157.52	201	store	3002002	2	3	658754.75	184
store	3003001	3	3	1593685.31	435	store	3003001	3	3	1423505.96	412
store	3003002	3	3	605594.47	159	store	3003002	3	3	458799.02	132
store	3004001	4	3	1335806.21	358	store	3004001	4	3	1156920.73	309
store	3004002	4	3	622814.06	192	store	3004002	4	3	655537.26	180
store	4001001	1	4	1414113.65	378	store	4001001	1	4	1291616.64	340
store	4001002	1	4	626932.79	165	store	4001002	1	4	543386.89	150
store	4002001	2	4	1484000.98	391	store	4002001	2	4	1254498.73	384
store	4002002	2	4	704154.74	209	store	4002002	2	4	713262.41	205
store	4003001	3	4	1637883.32	407	store	4003001	3	4	1341036.39	340
store	4003002	3	4	656015.64	166	store	4003002	3	4	498828.68	161
store	4004001	4	4	1223227.74	339	store	4004001	4	4	1397292.75	371
store	4004002	4	4	743421.03	184	store	4004002	4	4	724121.00	198
store	5001001	1	5	1213269.59	340	store	5001001	1	5	1244469.16	362
store	5001002	1	5	661350.33	165	store	5001002	1	5	553183.71	155
store	5002001	2	5	1070207.90	318	store	5002001	2	5	999623.46	287
store	5002002	2	5	626315.26	170	store	5002002	2	5	527082.36	150
store	5003001	3	5	1488790.94	399	store	5003001	3	5	1389117.72	385
store	5003002	3	5	894941.12	217	store	5003002	3	5	691730.27	204
store	5004001	4	5	1492950.28	424	store	5004001	4	5	1358759.56	386
store	5004002	4	5	768853.90	219	store	5004002	4	5	567427.70	180
store	6001001	1	6	56345.09	17	store	6001001	1	6	50700.17	23
store	6001002	1	6	55697.93	12	store	6001002	1	6	43497.05	16
store	6001003	1	6	71260.71	21	store	6001003	1	6	68678.36	13
store	6001004	1	6	23372.08	11	store	6001004	1	6	56063.65	12
store	6001005	1	6	55179.60	18	store	6001005	1	6	33063.54	12
store	6001006	1	6	50144.28	11	store	6001006	1	6	21033.20	3
store	6001007	1	6	89286.85	22	store	6001007	1	6	71430.50	19
store	6001008	1	6	76472.99	23	store	6001008	1	6	78052.53	21
store	6002001	2	6	103428.88	31	store	6002001	2	6	156379.04	37
store	6002002	2	6	30309.46	10	store	6002002	2	6	64845.82	14
store	6002003	2	6	97099.27	24	store	6002003	2	6	64005.80	20
store	6002004	2	6	52272.75	14	store	6002004	2	6	25320.40	6
store	6002005	2	6	78165.40	22	store	6002005	2	6	83628.57	27
store	6002006	2	6	15626.42	6	store	6002006	2	6	32153.88	9
store	6002007	2	6	68172.28	19	store	6002007	2	6	53556.96	15
store	6002008	2	6	30839.40	11	store	6002008	2	6	6081.45	4
store	6003001	3	6	94617.29	24	store	6003001	3	6	65791.23	21
store	6003002	3	6	55378.85	13	store	6003002	3	6	49577.69	12
store	6003003	3	6	42055.54	16	store	6003003	3	6	71709.89	18
store	6003004	3	6	43514.18	20	store	6003004	3	6	35759.96	12
store	6003005	3	6	113729.16	32	store	6003005	3	6	106134.50	25
store	6003006	3	6	25742.66	6	store	6003006	3	6	64825.03	13
store	6003007	3	6	132056.45	37	store	6003007	3	6	103450.24	33
store	6003008	3	6	83401.54	24	store	6003008	3	6	71532.00	19
store	6004001	4	6	39871.69	13	store	6004001	4	6	40574.68	10
store	6004002	4	6	32097.24	8	store	6004002	4	6	23362.39	7
store	6004003	4	6	42253.33	12	store	6004003	4	6	31495.04	9
store	6004004	4	6	14568.30	5	store	6004004	4	6	27708.71	5
store	6004005	4	6	31910.32	13	store	6004005	4	6	34446.41	12
store	6004006	4	6	40397.04	14	store	6004006	4	6	35813.71	17
store	6004007	4	6	62750.08	15	store	6004007	4	6	50073.78	12
store	6004008	4	6	54551.33	12	store	6004008	4	6	51160.62	13
store	6005001	5	6	169744.81	39	store	6005001	5	6	115387.84	45
store	6005002	5	6	35872.62	10	store	6005002	5	6	29775.92	8
store	6005003	5	6	16522.77	11	store	6005003	5	6	23559.92	8
store	6005004	5	6	9514.92	1	store	6005004	5	6	10406.54	2
store	6005005	5	6	100667.98	25	store	6005005	5	6	80130.12	20
store	6005006	5	6	97707.25	20	store	6005006	5	6	28062.88	15
store	6005007	5	6	86586.93	19	store	6005007	5	6	55889.91	14
store	6005008	5	6	38880.95	16	store	6005008	5	6	35749.41	11
store	6006001	6	6	64115.41	16	store	6006001	6	6	47309.61	16
store	6006002	6	6	24591.28	12	store	6006002	6	6	80713.29	21
store	6006003	6	6	115097.85	31	store	6006003	6	6	100201.52	25
store	6006004	6	6	47263.51	8	store	6006004	6	6	42390.45	10
store	6006005	6	6	28366.91	12	store	6006005	6	6	47350.44	18
store	6006006	6	6	45048.61	10	store	6006006	6	6	48794.24	7
store	6006007	6	6	140363.71	31	store	6006007	6	6	130667.34	33
store	6006008	6	6	68741.43	14	store	6006008	6	6	26511.21	7
store	6007001	7	6	40114.03	14	store	6007001	7	6	42670.66	12
store	6007002	7	6	41207.79	11	store	6007002	7	6	106625.85	16
store	6007003	7	6	130414.23	30	store	6007003	7	6	114403.21	36
store	6007004	7	6	64018.65	13	store	6007004	7	6	59004.23	13
store	6007005	7	6	15598.17	7	store	6007005	7	6	37117.06	10
store	6007006	7	6	16806.78	8	store	6007006	7	6	65512.02	13
store	6007007	7	6	133720.31	29	store	6007007	7	6	132599.96	31
store	6007008	7	6	34207.59	11	store	6007008	7	6	29950.50	7
store	6008001	8	6	83370.60	25	store	6008001	8	6	117929.05	27
store	6008002	8	6	12431.09	4	store	6008002	8	6	46831.25	13
store	6008003	8	6	48590.12	12	store	6008003	8	6	43216.06	15
store	6008004	8	6	34268.74	9	store	6008004	8	6	30738.47	11
