-- Automatically generated by TPCDSQueryTestSuite

-- !query schema
struct<i_product_name:string,i_brand:string,i_class:string,i_category:string,qoh:double>
-- !query output
n stbarcallyationought                            	NULL	NULL	NULL	432.05668016194335
n stbarcallyationought                            	amalgscholar #x                                   	NULL	NULL	432.05668016194335
n stbarcallyationought                            	amalgscholar #x                                   	rock                                              	NULL	432.05668016194335
n stbarcallyationought                            	amalgscholar #x                                   	rock                                              	Music                                             	432.05668016194335
antiablen stcally                                 	NULL	NULL	NULL	436.2570281124498
antiablen stcally                                 	univbrand #x                                      	NULL	NULL	436.2570281124498
antiablen stcally                                 	univbrand #x                                      	jewelry boxes                                     	NULL	436.2570281124498
antiablen stcally                                 	univbrand #x                                      	jewelry boxes                                     	Jewelry                                           	436.2570281124498
antiantiableeseought                              	NULL	NULL	NULL	436.5587044534413
antiantiableeseought                              	exportiexporti #x                                 	NULL	NULL	436.5587044534413
antiantiableeseought                              	exportiexporti #x                                 	toddlers                                          	NULL	436.5587044534413
antiantiableeseought                              	exportiexporti #x                                 	toddlers                                          	Children                                          	436.5587044534413
n stcallyn stationought                           	NULL	NULL	NULL	436.85258964143424
n stcallyn stationought                           	exportischolar #x                                 	NULL	NULL	436.85258964143424
n stcallyn stationought                           	exportischolar #x                                 	pop                                               	NULL	436.85258964143424
n stcallyn stationought                           	exportischolar #x                                 	pop                                               	Music                                             	436.85258964143424
ationantiableationought                           	NULL	NULL	NULL	438.133064516129
ationantiableationought                           	amalgscholar #x                                   	NULL	NULL	438.133064516129
ationantiableationought                           	amalgscholar #x                                   	rock                                              	NULL	438.133064516129
ationantiableationought                           	amalgscholar #x                                   	rock                                              	Music                                             	438.133064516129
n stcallyesepriought                              	NULL	NULL	NULL	438.5609756097561
n stcallyesepriought                              	edu packscholar #x                                	NULL	NULL	438.5609756097561
n stcallyesepriought                              	edu packscholar #x                                	classical                                         	NULL	438.5609756097561
n stcallyesepriought                              	edu packscholar #x                                	classical                                         	Music                                             	438.5609756097561
oughteingoughtn st                                	NULL	NULL	NULL	441.2685950413223
oughteingoughtn st                                	importobrand #x                                   	NULL	NULL	441.2685950413223
oughteingoughtn st                                	importobrand #x                                   	costume                                           	NULL	441.2685950413223
oughteingoughtn st                                	importobrand #x                                   	costume                                           	Jewelry                                           	441.2685950413223
prieingeseantiought                               	NULL	NULL	NULL	441.76446280991735
prieingeseantiought                               	amalgunivamalg #x                                 	NULL	NULL	441.76446280991735
prieingeseantiought                               	amalgunivamalg #x                                 	cooking                                           	NULL	441.76446280991735
prieingeseantiought                               	amalgunivamalg #x                                 	cooking                                           	Books                                             	441.76446280991735
ationationpribarought                             	NULL	NULL	NULL	442.0413223140496
ationationpribarought                             	scholarmaxi #x                                   	NULL	NULL	442.0413223140496
ationationpribarought                             	scholarmaxi #x                                   	history                                           	NULL	442.0413223140496
ationationpribarought                             	scholarmaxi #x                                   	history                                           	Books                                             	442.0413223140496
n stpribarought                                   	NULL	NULL	NULL	442.2154471544715
n stpribarought                                   	edu packexporti #x                                	NULL	NULL	442.2154471544715
n stpribarought                                   	edu packexporti #x                                	school-uniforms                                   	NULL	442.2154471544715
n stpribarought                                   	edu packexporti #x                                	school-uniforms                                   	Children                                          	442.2154471544715
pricallyantiese                                   	NULL	NULL	NULL	442.7408906882591
pricallyantiese                                   	amalgunivamalg #x                                 	NULL	NULL	442.7408906882591
pricallyantiese                                   	amalgunivamalg #x                                 	cameras                                           	NULL	442.7408906882591
pricallyantiese                                   	amalgunivamalg #x                                 	cameras                                           	Electronics                                       	442.7408906882591
n stoughtoughtbarought                            	NULL	NULL	NULL	443.9625
n stoughtoughtbarought                            	amalgscholar #x                                   	NULL	NULL	443.9625
n stoughtoughtbarought                            	amalgscholar #x                                   	rock                                              	NULL	443.9625
n stoughtoughtbarought                            	amalgscholar #x                                   	rock                                              	Music                                             	443.9625
antiableableought                                 	NULL	NULL	NULL	444.6460905349794
antiableableought                                 	importoamalgamalg #x                              	NULL	NULL	444.6460905349794
antiableableought                                 	importoamalgamalg #x                              	monitors                                          	NULL	444.6460905349794
antiableableought                                 	importoamalgamalg #x                              	monitors                                          	Electronics                                       	444.6460905349794
prieseoughtable                                   	NULL	NULL	NULL	445.2704918032787
prieseoughtable                                   	exportischolar #x                                 	NULL	NULL	445.2704918032787
prieseoughtable                                   	exportischolar #x                                 	pop                                               	NULL	445.2704918032787
prieseoughtable                                   	exportischolar #x                                 	pop                                               	Music                                             	445.2704918032787
ationpribarought                                  	NULL	NULL	NULL	445.5301204819277
ationpribarought                                  	amalgunivamalg #x                                 	NULL	NULL	445.5301204819277
ationpribarought                                  	amalgunivamalg #x                                 	cameras                                           	NULL	445.5301204819277
ationpribarought                                  	amalgunivamalg #x                                 	cameras                                           	Electronics                                       	445.5301204819277
n stn stesebarought                               	NULL	NULL	NULL	445.90763052208837
n stn stesebarought                               	importoexporti #x                                 	NULL	NULL	445.90763052208837
n stn stesebarought                               	importoexporti #x                                 	infants                                           	NULL	445.90763052208837
n stn stesebarought                               	importoexporti #x                                 	infants                                           	Children                                          	445.90763052208837
prioughtanticallyought                            	NULL	NULL	NULL	445.9596774193548
prioughtanticallyought                            	importoexporti #x                                 	NULL	NULL	445.9596774193548
prioughtanticallyought                            	importoexporti #x                                 	infants                                           	NULL	445.9596774193548
prioughtanticallyought                            	importoexporti #x                                 	infants                                           	Children                                          	445.9596774193548
oughtationpriantiought                            	NULL	NULL	NULL	445.96385542168673
oughtationpriantiought                            	exportiedu pack #x                                	NULL	NULL	445.96385542168673
oughtationpriantiought                            	exportiedu pack #x                                	kids                                              	NULL	445.96385542168673
oughtationpriantiought                            	exportiedu pack #x                                	kids                                              	Shoes                                             	445.96385542168673
priantioughtantiought                             	NULL	NULL	NULL	446.1795918367347
priantioughtantiought                             	importomaxi #x                                   	NULL	NULL	446.1795918367347
priantioughtantiought                             	importomaxi #x                                   	business                                          	NULL	446.1795918367347
priantioughtantiought                             	importomaxi #x                                   	business                                          	Books                                             	446.1795918367347
n stpribarbarought                                	NULL	NULL	NULL	446.316
n stpribarbarought                                	edu packbrand #x                                  	NULL	NULL	446.316
n stpribarbarought                                	edu packbrand #x                                  	estate                                            	NULL	446.316
n stpribarbarought                                	edu packbrand #x                                  	estate                                            	Jewelry                                           	446.316
ationn steingantiought                            	NULL	NULL	NULL	446.5860655737705
ationn steingantiought                            	edu packcorp #x                                   	NULL	NULL	446.5860655737705
ationn steingantiought                            	edu packcorp #x                                   	bracelets                                         	NULL	446.5860655737705
ationn steingantiought                            	edu packcorp #x                                   	bracelets                                         	Jewelry                                           	446.5860655737705
antioughtcallyantiought                           	NULL	NULL	NULL	446.714859437751
antioughtcallyantiought                           	edu packamalgamalg #x                            	NULL	NULL	446.714859437751
antioughtcallyantiought                           	edu packamalgamalg #x                            	automotive                                        	NULL	446.714859437751
antioughtcallyantiought                           	edu packamalgamalg #x                            	automotive                                        	Electronics                                       	446.714859437751
antiableprin st                                   	NULL	NULL	NULL	446.7966804979253
antiableprin st                                   	edu packimporto #x                                	NULL	NULL	446.7966804979253
antiableprin st                                   	edu packimporto #x                                	sports-apparel                                    	NULL	446.7966804979253
antiableprin st                                   	edu packimporto #x                                	sports-apparel                                    	Men                                               	446.7966804979253
antioughtantically                                	NULL	NULL	NULL	446.96356275303646
antioughtantically                                	corpnameless #x                                   	NULL	NULL	446.96356275303646
antioughtantically                                	corpnameless #x                                   	football                                          	NULL	446.96356275303646
antioughtantically                                	corpnameless #x                                   	football                                          	Sports                                            	446.96356275303646
antin stn stanti                                  	NULL	NULL	NULL	447.3801652892562
antin stn stanti                                  	amalgamalg #x                                     	NULL	NULL	447.3801652892562
antin stn stanti                                  	amalgamalg #x                                     	dresses                                           	NULL	447.3801652892562
antin stn stanti                                  	amalgamalg #x                                     	dresses                                           	Women                                             	447.3801652892562
