-- Automatically generated by TPCDSQueryTestSuite

-- !query schema
struct<customer_id:string,customer_first_name:string,customer_last_name:string>
-- !query output
AAAAAAAAFHACBAAA	NULL	NULL
AAAAAAAAOCLBBAAA	NULL	NULL
AAAAAAAAEKJLAAAA	Aisha               	Carlson                       
AAAAAAAAFGPGAAAA	Albert              	Wadsworth                     
AAAAAAAAEJDLAAAA	Alice               	Wright                        
AAAAAAAANJAGAAAA	Allen               	Hood                          
AAAAAAAAPKBCBAAA	Andrea              	White                         
AAAAAAAAOPDLAAAA	Ann                 	Pence                         
AAAAAAAAEKFPAAAA	Annika              	Chin                          
AAAAAAAAPJENAAAA	Ashley              	Norton                        
AAAAAAAAHJLAAAAA	Audrey              	Beltran                       
AAAAAAAADBEFBAAA	Bennie              	Bowers                        
AAAAAAAALHMCAAAA	Brooke              	Nelson                        
AAAAAAAAPPIBBAAA	Candice             	Lee                           
AAAAAAAANGDBBAAA	Carlos              	Jewell                        
AAAAAAAAIJEMAAAA	Charlie             	Cummings                      
AAAAAAAACFENAAAA	Christopher         	Dawson                        
AAAAAAAANJHCBAAA	Christopher         	Schreiber                     
AAAAAAAACADPAAAA	Cristobal           	Thomas                        
AAAAAAAADIIOAAAA	David               	Carroll                       
AAAAAAAAKBCABAAA	Debra               	Bell                          
AAAAAAAALIOPAAAA	Derek               	Allen                         
AAAAAAAAIADEBAAA	Diane               	Aldridge                      
AAAAAAAAFOJAAAAA	Don                 	Castillo                      
AAAAAAAAPEHEBAAA	Edith               	Molina                        
AAAAAAAAFGIGAAAA	Eduardo             	Miller                        
AAAAAAAACIJMAAAA	Elizabeth           	Thomas                        
AAAAAAAAOBADBAAA	Elizabeth           	Burnham                       
AAAAAAAAFMHIAAAA	Emilio              	Darling                       
AAAAAAAANIPLAAAA	Eric                	Lawrence                      
AAAAAAAAPFCLAAAA	Felicia             	Neville                       
AAAAAAAAEPOGAAAA	Felisha             	Mendes                        
AAAAAAAALJNCBAAA	George              	Gamez                         
AAAAAAAAKJBKAAAA	Georgia             	Scott                         
AAAAAAAAKNAKAAAA	Gladys              	Banks                         
AAAAAAAAHMOIAAAA	Grace               	Henderson                     
AAAAAAAAKOJJAAAA	Gracie              	Mendoza                       
AAAAAAAADLHBBAAA	Henry               	Bertrand                      
AAAAAAAALFKKAAAA	Ignacio             	Miller                        
AAAAAAAABNBBAAAA	Irma                	Smith                         
AAAAAAAACJDIAAAA	James               	Kerr                          
AAAAAAAAOFLCAAAA	James               	Taylor                        
AAAAAAAAOCAJAAAA	Jenna               	Staton                        
AAAAAAAAIBHHAAAA	Jennifer            	Ballard                       
AAAAAAAAAOPFBAAA	Jerry               	Fields                        
AAAAAAAADFIEBAAA	John                	Gray                          
AAAAAAAAJKBNAAAA	Julie               	Kern                          
AAAAAAAAGFMDBAAA	Kathleen            	Gibson                        
AAAAAAAAIMHBAAAA	Kathy               	Knowles                       
AAAAAAAAKKGEAAAA	Katie               	Dunbar                        
AAAAAAAAAMGDAAAA	Kenneth             	Harlan                        
AAAAAAAAKJBLAAAA	Kerry               	Davis                         
AAAAAAAAFJHFAAAA	Larissa             	Roy                           
AAAAAAAADFKABAAA	Latoya              	Craft                         
AAAAAAAAIMHHBAAA	Lillian             	Davidson                      
AAAAAAAAICHFAAAA	Linda               	Mccoy                         
AAAAAAAAMDCAAAAA	Louann              	Hamel                         
AAAAAAAAKLHHBAAA	Manuel              	Castaneda                     
AAAAAAAACFCGBAAA	Marcus              	Sanders                       
AAAAAAAAMMOBBAAA	Margaret            	Smith                         
AAAAAAAAMFFLAAAA	Margret             	Gray                          
AAAAAAAAFBAHAAAA	Michael             	Williams                      
AAAAAAAAIDKFAAAA	Michael             	Mack                          
AAAAAAAAFOGIAAAA	Michelle            	Greene                        
AAAAAAAAKAECAAAA	Milton              	Mackey                        
AAAAAAAAEOAKAAAA	Molly               	Benjamin                      
AAAAAAAAGHPBBAAA	Nick                	Mendez                        
AAAAAAAAOCDJAAAA	Nina                	Sanchez                       
AAAAAAAAJEKFBAAA	Norma               	Burkholder                    
AAAAAAAAPMMBBAAA	Paul                	Jordan                        
AAAAAAAABLEIBAAA	Paula               	Wakefield                     
AAAAAAAAANFAAAAA	Philip              	Banks                         
AAAAAAAAFACEAAAA	Priscilla           	Miller                        
AAAAAAAAHNFHAAAA	Rebecca             	Wilson                        
AAAAAAAAJGMMAAAA	Richard             	Larson                        
AAAAAAAADCKOAAAA	Robert              	Gonzalez                      
AAAAAAAADIJGBAAA	Ruth                	Sanders                       
AAAAAAAAEADJAAAA	Ruth                	Carroll                       
AAAAAAAAIBFCBAAA	Ruth                	Grantham                      
AAAAAAAAHMJNAAAA	Ryan                	Baptiste                      
AAAAAAAAIBAEBAAA	Sandra              	Wilson                        
AAAAAAAAJIALAAAA	Santos              	Gutierrez                     
AAAAAAAAHGOABAAA	Sonia               	White                         
AAAAAAAAPDFBAAAA	Terrance            	Banks                         
AAAAAAAAGNDAAAAA	Terry               	Mcdowell                      
AAAAAAAAGEHIAAAA	Tyler               	Miller                        
AAAAAAAANFBDBAAA	Vernice             	Fernandez                     
AAAAAAAACNAGBAAA	Virginia            	May                           
AAAAAAAAJONHBAAA	Warren              	Orozco                        
AAAAAAAAPKIKAAAA	Wendy               	Horvath                       
AAAAAAAAHHCABAAA	William             	Stewart                       
AAAAAAAAOCICAAAA	Zachary             	Pennington
