-- Automatically generated by SQLQueryTestSuite
-- !query
create table t1(utf8_binary string collate utf8_binary, utf8_binary_lcase string collate utf8_binary_lcase) using parquet
-- !query analysis
CreateDataSourceTableCommand `spark_catalog`.`default`.`t1`, false


-- !query
insert into t1 values('aaa', 'aaa')
-- !query analysis
InsertIntoHadoopFsRelationCommand file:[not included in comparison]/{warehouse_dir}/t1, false, Parquet, [path=file:[not included in comparison]/{warehouse_dir}/t1], Append, `spark_catalog`.`default`.`t1`, org.apache.spark.sql.execution.datasources.InMemoryFileIndex(file:[not included in comparison]/{warehouse_dir}/t1), [utf8_binary, utf8_binary_lcase]
+- Project [cast(col1#x as string) AS utf8_binary#x, cast(col2#x as string collate UTF8_BINARY_LCASE) AS utf8_binary_lcase#x]
   +- LocalRelation [col1#x, col2#x]


-- !query
insert into t1 values('AAA', 'AAA')
-- !query analysis
InsertIntoHadoopFsRelationCommand file:[not included in comparison]/{warehouse_dir}/t1, false, Parquet, [path=file:[not included in comparison]/{warehouse_dir}/t1], Append, `spark_catalog`.`default`.`t1`, org.apache.spark.sql.execution.datasources.InMemoryFileIndex(file:[not included in comparison]/{warehouse_dir}/t1), [utf8_binary, utf8_binary_lcase]
+- Project [cast(col1#x as string) AS utf8_binary#x, cast(col2#x as string collate UTF8_BINARY_LCASE) AS utf8_binary_lcase#x]
   +- LocalRelation [col1#x, col2#x]


-- !query
insert into t1 values('bbb', 'bbb')
-- !query analysis
InsertIntoHadoopFsRelationCommand file:[not included in comparison]/{warehouse_dir}/t1, false, Parquet, [path=file:[not included in comparison]/{warehouse_dir}/t1], Append, `spark_catalog`.`default`.`t1`, org.apache.spark.sql.execution.datasources.InMemoryFileIndex(file:[not included in comparison]/{warehouse_dir}/t1), [utf8_binary, utf8_binary_lcase]
+- Project [cast(col1#x as string) AS utf8_binary#x, cast(col2#x as string collate UTF8_BINARY_LCASE) AS utf8_binary_lcase#x]
   +- LocalRelation [col1#x, col2#x]


-- !query
insert into t1 values('BBB', 'BBB')
-- !query analysis
InsertIntoHadoopFsRelationCommand file:[not included in comparison]/{warehouse_dir}/t1, false, Parquet, [path=file:[not included in comparison]/{warehouse_dir}/t1], Append, `spark_catalog`.`default`.`t1`, org.apache.spark.sql.execution.datasources.InMemoryFileIndex(file:[not included in comparison]/{warehouse_dir}/t1), [utf8_binary, utf8_binary_lcase]
+- Project [cast(col1#x as string) AS utf8_binary#x, cast(col2#x as string collate UTF8_BINARY_LCASE) AS utf8_binary_lcase#x]
   +- LocalRelation [col1#x, col2#x]


-- !query
describe table t1
-- !query analysis
DescribeTableCommand `spark_catalog`.`default`.`t1`, false, [col_name#x, data_type#x, comment#x]


-- !query
select count(*) from t1 group by utf8_binary
-- !query analysis
Aggregate [utf8_binary#x], [count(1) AS count(1)#xL]
+- SubqueryAlias spark_catalog.default.t1
   +- Relation spark_catalog.default.t1[utf8_binary#x,utf8_binary_lcase#x] parquet


-- !query
select count(*) from t1 group by utf8_binary_lcase
-- !query analysis
Aggregate [utf8_binary_lcase#x], [count(1) AS count(1)#xL]
+- SubqueryAlias spark_catalog.default.t1
   +- Relation spark_catalog.default.t1[utf8_binary#x,utf8_binary_lcase#x] parquet


-- !query
select * from t1 where utf8_binary = 'aaa'
-- !query analysis
Project [utf8_binary#x, utf8_binary_lcase#x]
+- Filter (utf8_binary#x = aaa)
   +- SubqueryAlias spark_catalog.default.t1
      +- Relation spark_catalog.default.t1[utf8_binary#x,utf8_binary_lcase#x] parquet


-- !query
select * from t1 where utf8_binary_lcase = 'aaa' collate utf8_binary_lcase
-- !query analysis
Project [utf8_binary#x, utf8_binary_lcase#x]
+- Filter (utf8_binary_lcase#x = collate(aaa, utf8_binary_lcase))
   +- SubqueryAlias spark_catalog.default.t1
      +- Relation spark_catalog.default.t1[utf8_binary#x,utf8_binary_lcase#x] parquet


-- !query
select * from t1 where utf8_binary < 'bbb'
-- !query analysis
Project [utf8_binary#x, utf8_binary_lcase#x]
+- Filter (utf8_binary#x < bbb)
   +- SubqueryAlias spark_catalog.default.t1
      +- Relation spark_catalog.default.t1[utf8_binary#x,utf8_binary_lcase#x] parquet


-- !query
select * from t1 where utf8_binary_lcase < 'bbb' collate utf8_binary_lcase
-- !query analysis
Project [utf8_binary#x, utf8_binary_lcase#x]
+- Filter (utf8_binary_lcase#x < collate(bbb, utf8_binary_lcase))
   +- SubqueryAlias spark_catalog.default.t1
      +- Relation spark_catalog.default.t1[utf8_binary#x,utf8_binary_lcase#x] parquet


-- !query
select l.utf8_binary, r.utf8_binary_lcase from t1 l join t1 r on l.utf8_binary_lcase = r.utf8_binary_lcase
-- !query analysis
Project [utf8_binary#x, utf8_binary_lcase#x]
+- Join Inner, (utf8_binary_lcase#x = utf8_binary_lcase#x)
   :- SubqueryAlias l
   :  +- SubqueryAlias spark_catalog.default.t1
   :     +- Relation spark_catalog.default.t1[utf8_binary#x,utf8_binary_lcase#x] parquet
   +- SubqueryAlias r
      +- SubqueryAlias spark_catalog.default.t1
         +- Relation spark_catalog.default.t1[utf8_binary#x,utf8_binary_lcase#x] parquet


-- !query
create table t2(utf8_binary string collate utf8_binary, utf8_binary_lcase string collate utf8_binary_lcase) using parquet
-- !query analysis
CreateDataSourceTableCommand `spark_catalog`.`default`.`t2`, false


-- !query
insert into t2 values('aaa', 'aaa')
-- !query analysis
InsertIntoHadoopFsRelationCommand file:[not included in comparison]/{warehouse_dir}/t2, false, Parquet, [path=file:[not included in comparison]/{warehouse_dir}/t2], Append, `spark_catalog`.`default`.`t2`, org.apache.spark.sql.execution.datasources.InMemoryFileIndex(file:[not included in comparison]/{warehouse_dir}/t2), [utf8_binary, utf8_binary_lcase]
+- Project [cast(col1#x as string) AS utf8_binary#x, cast(col2#x as string collate UTF8_BINARY_LCASE) AS utf8_binary_lcase#x]
   +- LocalRelation [col1#x, col2#x]


-- !query
insert into t2 values('bbb', 'bbb')
-- !query analysis
InsertIntoHadoopFsRelationCommand file:[not included in comparison]/{warehouse_dir}/t2, false, Parquet, [path=file:[not included in comparison]/{warehouse_dir}/t2], Append, `spark_catalog`.`default`.`t2`, org.apache.spark.sql.execution.datasources.InMemoryFileIndex(file:[not included in comparison]/{warehouse_dir}/t2), [utf8_binary, utf8_binary_lcase]
+- Project [cast(col1#x as string) AS utf8_binary#x, cast(col2#x as string collate UTF8_BINARY_LCASE) AS utf8_binary_lcase#x]
   +- LocalRelation [col1#x, col2#x]


-- !query
select * from t1 anti join t2 on t1.utf8_binary_lcase = t2.utf8_binary_lcase
-- !query analysis
Project [utf8_binary#x, utf8_binary_lcase#x]
+- Join LeftAnti, (utf8_binary_lcase#x = utf8_binary_lcase#x)
   :- SubqueryAlias spark_catalog.default.t1
   :  +- Relation spark_catalog.default.t1[utf8_binary#x,utf8_binary_lcase#x] parquet
   +- SubqueryAlias spark_catalog.default.t2
      +- Relation spark_catalog.default.t2[utf8_binary#x,utf8_binary_lcase#x] parquet


-- !query
drop table t2
-- !query analysis
DropTable false, false
+- ResolvedIdentifier V2SessionCatalog(spark_catalog), default.t2


-- !query
drop table t1
-- !query analysis
DropTable false, false
+- ResolvedIdentifier V2SessionCatalog(spark_catalog), default.t1


-- !query
select col1 collate utf8_binary_lcase from values ('aaa'), ('AAA'), ('bbb'), ('BBB'), ('zzz'), ('ZZZ') except select col1 collate utf8_binary_lcase from values ('aaa'), ('bbb')
-- !query analysis
Except false
:- Project [collate(col1#x, utf8_binary_lcase) AS collate(col1)#x]
:  +- LocalRelation [col1#x]
+- Project [collate(col1#x, utf8_binary_lcase) AS collate(col1)#x]
   +- LocalRelation [col1#x]


-- !query
select col1 collate utf8_binary_lcase from values ('aaa'), ('AAA'), ('bbb'), ('BBB'), ('zzz'), ('ZZZ') except all select col1 collate utf8_binary_lcase from values ('aaa'), ('bbb')
-- !query analysis
Except All true
:- Project [collate(col1#x, utf8_binary_lcase) AS collate(col1)#x]
:  +- LocalRelation [col1#x]
+- Project [collate(col1#x, utf8_binary_lcase) AS collate(col1)#x]
   +- LocalRelation [col1#x]


-- !query
select col1 collate utf8_binary_lcase from values ('aaa'), ('AAA'), ('bbb'), ('BBB'), ('zzz'), ('ZZZ') union select col1 collate utf8_binary_lcase from values ('aaa'), ('bbb')
-- !query analysis
Distinct
+- Union false, false
   :- Project [collate(col1#x, utf8_binary_lcase) AS collate(col1)#x]
   :  +- LocalRelation [col1#x]
   +- Project [collate(col1#x, utf8_binary_lcase) AS collate(col1)#x]
      +- LocalRelation [col1#x]


-- !query
select col1 collate utf8_binary_lcase from values ('aaa'), ('AAA'), ('bbb'), ('BBB'), ('zzz'), ('ZZZ') union all select col1 collate utf8_binary_lcase from values ('aaa'), ('bbb')
-- !query analysis
Union false, false
:- Project [collate(col1#x, utf8_binary_lcase) AS collate(col1)#x]
:  +- LocalRelation [col1#x]
+- Project [collate(col1#x, utf8_binary_lcase) AS collate(col1)#x]
   +- LocalRelation [col1#x]


-- !query
select col1 collate utf8_binary_lcase from values ('aaa'), ('bbb'), ('BBB'), ('zzz'), ('ZZZ') intersect select col1 collate utf8_binary_lcase from values ('aaa'), ('bbb')
-- !query analysis
Intersect false
:- Project [collate(col1#x, utf8_binary_lcase) AS collate(col1)#x]
:  +- LocalRelation [col1#x]
+- Project [collate(col1#x, utf8_binary_lcase) AS collate(col1)#x]
   +- LocalRelation [col1#x]


-- !query
create table t1 (c1 struct<utf8_binary: string collate utf8_binary, utf8_binary_lcase: string collate utf8_binary_lcase>) USING PARQUET
-- !query analysis
CreateDataSourceTableCommand `spark_catalog`.`default`.`t1`, false


-- !query
insert into t1 values (named_struct('utf8_binary', 'aaa', 'utf8_binary_lcase', 'aaa'))
-- !query analysis
InsertIntoHadoopFsRelationCommand file:[not included in comparison]/{warehouse_dir}/t1, false, Parquet, [path=file:[not included in comparison]/{warehouse_dir}/t1], Append, `spark_catalog`.`default`.`t1`, org.apache.spark.sql.execution.datasources.InMemoryFileIndex(file:[not included in comparison]/{warehouse_dir}/t1), [c1]
+- Project [named_struct(utf8_binary, col1#x.utf8_binary, utf8_binary_lcase, cast(col1#x.utf8_binary_lcase as string collate UTF8_BINARY_LCASE)) AS c1#x]
   +- LocalRelation [col1#x]


-- !query
insert into t1 values (named_struct('utf8_binary', 'AAA', 'utf8_binary_lcase', 'AAA'))
-- !query analysis
InsertIntoHadoopFsRelationCommand file:[not included in comparison]/{warehouse_dir}/t1, false, Parquet, [path=file:[not included in comparison]/{warehouse_dir}/t1], Append, `spark_catalog`.`default`.`t1`, org.apache.spark.sql.execution.datasources.InMemoryFileIndex(file:[not included in comparison]/{warehouse_dir}/t1), [c1]
+- Project [named_struct(utf8_binary, col1#x.utf8_binary, utf8_binary_lcase, cast(col1#x.utf8_binary_lcase as string collate UTF8_BINARY_LCASE)) AS c1#x]
   +- LocalRelation [col1#x]


-- !query
select count(*) from t1 group by c1.utf8_binary
-- !query analysis
Aggregate [c1#x.utf8_binary], [count(1) AS count(1)#xL]
+- SubqueryAlias spark_catalog.default.t1
   +- Relation spark_catalog.default.t1[c1#x] parquet


-- !query
select count(*) from t1 group by c1.utf8_binary_lcase
-- !query analysis
Aggregate [c1#x.utf8_binary_lcase], [count(1) AS count(1)#xL]
+- SubqueryAlias spark_catalog.default.t1
   +- Relation spark_catalog.default.t1[c1#x] parquet


-- !query
drop table t1
-- !query analysis
DropTable false, false
+- ResolvedIdentifier V2SessionCatalog(spark_catalog), default.t1


-- !query
select array_contains(ARRAY('aaa' collate utf8_binary_lcase),'AAA' collate utf8_binary_lcase)
-- !query analysis
Project [array_contains(array(collate(aaa, utf8_binary_lcase)), collate(AAA, utf8_binary_lcase)) AS array_contains(array(collate(aaa)), collate(AAA))#x]
+- OneRowRelation


-- !query
select array_position(ARRAY('aaa' collate utf8_binary_lcase, 'bbb' collate utf8_binary_lcase),'BBB' collate utf8_binary_lcase)
-- !query analysis
Project [array_position(array(collate(aaa, utf8_binary_lcase), collate(bbb, utf8_binary_lcase)), collate(BBB, utf8_binary_lcase)) AS array_position(array(collate(aaa), collate(bbb)), collate(BBB))#xL]
+- OneRowRelation


-- !query
select nullif('aaa' COLLATE utf8_binary_lcase, 'AAA' COLLATE utf8_binary_lcase)
-- !query analysis
Project [nullif(collate(aaa, utf8_binary_lcase), collate(AAA, utf8_binary_lcase)) AS nullif(collate(aaa), collate(AAA))#x]
+- OneRowRelation


-- !query
select least('aaa' COLLATE utf8_binary_lcase, 'AAA' collate utf8_binary_lcase, 'a' collate utf8_binary_lcase)
-- !query analysis
Project [least(collate(aaa, utf8_binary_lcase), collate(AAA, utf8_binary_lcase), collate(a, utf8_binary_lcase)) AS least(collate(aaa), collate(AAA), collate(a))#x]
+- OneRowRelation


-- !query
select arrays_overlap(array('aaa' collate utf8_binary_lcase), array('AAA' collate utf8_binary_lcase))
-- !query analysis
Project [arrays_overlap(array(collate(aaa, utf8_binary_lcase)), array(collate(AAA, utf8_binary_lcase))) AS arrays_overlap(array(collate(aaa)), array(collate(AAA)))#x]
+- OneRowRelation


-- !query
select array_distinct(array('aaa' collate utf8_binary_lcase, 'AAA' collate utf8_binary_lcase))
-- !query analysis
Project [array_distinct(array(collate(aaa, utf8_binary_lcase), collate(AAA, utf8_binary_lcase))) AS array_distinct(array(collate(aaa), collate(AAA)))#x]
+- OneRowRelation


-- !query
select array_union(array('aaa' collate utf8_binary_lcase), array('AAA' collate utf8_binary_lcase))
-- !query analysis
Project [array_union(array(collate(aaa, utf8_binary_lcase)), array(collate(AAA, utf8_binary_lcase))) AS array_union(array(collate(aaa)), array(collate(AAA)))#x]
+- OneRowRelation


-- !query
select array_intersect(array('aaa' collate utf8_binary_lcase), array('AAA' collate utf8_binary_lcase))
-- !query analysis
Project [array_intersect(array(collate(aaa, utf8_binary_lcase)), array(collate(AAA, utf8_binary_lcase))) AS array_intersect(array(collate(aaa)), array(collate(AAA)))#x]
+- OneRowRelation


-- !query
select array_except(array('aaa' collate utf8_binary_lcase), array('AAA' collate utf8_binary_lcase))
-- !query analysis
Project [array_except(array(collate(aaa, utf8_binary_lcase)), array(collate(AAA, utf8_binary_lcase))) AS array_except(array(collate(aaa)), array(collate(AAA)))#x]
+- OneRowRelation


-- !query
select 'a' collate unicode < 'A'
-- !query analysis
Project [(collate(a, unicode) < cast(A as string collate UNICODE)) AS (collate(a) < A)#x]
+- OneRowRelation


-- !query
select 'a' collate unicode_ci = 'A'
-- !query analysis
Project [(collate(a, unicode_ci) = cast(A as string collate UNICODE_CI)) AS (collate(a) = A)#x]
+- OneRowRelation


-- !query
select 'a' collate unicode_ai = 'å'
-- !query analysis
Project [(collate(a, unicode_ai) = cast(å as string collate UNICODE_AI)) AS (collate(a) = å)#x]
+- OneRowRelation


-- !query
select 'a' collate unicode_ci_ai = 'Å'
-- !query analysis
Project [(collate(a, unicode_ci_ai) = cast(Å as string collate UNICODE_CI_AI)) AS (collate(a) = Å)#x]
+- OneRowRelation


-- !query
select 'a' collate en < 'A'
-- !query analysis
Project [(collate(a, en) < cast(A as string collate en)) AS (collate(a) < A)#x]
+- OneRowRelation


-- !query
select 'a' collate en_ci = 'A'
-- !query analysis
Project [(collate(a, en_ci) = cast(A as string collate en_CI)) AS (collate(a) = A)#x]
+- OneRowRelation


-- !query
select 'a' collate en_ai = 'å'
-- !query analysis
Project [(collate(a, en_ai) = cast(å as string collate en_AI)) AS (collate(a) = å)#x]
+- OneRowRelation


-- !query
select 'a' collate en_ci_ai = 'Å'
-- !query analysis
Project [(collate(a, en_ci_ai) = cast(Å as string collate en_CI_AI)) AS (collate(a) = Å)#x]
+- OneRowRelation


-- !query
select 'Kypper' collate sv < 'Köpfe'
-- !query analysis
Project [(collate(Kypper, sv) < cast(Köpfe as string collate sv)) AS (collate(Kypper) < Köpfe)#x]
+- OneRowRelation


-- !query
select 'Kypper' collate de > 'Köpfe'
-- !query analysis
Project [(collate(Kypper, de) > cast(Köpfe as string collate de)) AS (collate(Kypper) > Köpfe)#x]
+- OneRowRelation


-- !query
select 'I' collate tr_ci = 'ı'
-- !query analysis
Project [(collate(I, tr_ci) = cast(ı as string collate tr_CI)) AS (collate(I) = ı)#x]
+- OneRowRelation
