-- Automatically generated by SQLQueryTestSuite
-- !query
CREATE OR REPLACE TEMPORARY VIEW aggr AS SELECT * FROM VALUES
(0, 0), (0, 10), (0, 20), (0, 30), (0, 40), (1, 10), (1, 20), (2, 10), (2, 20), (2, 25), (2, 30), (3, 60), (4, null)
AS aggr(k, v)
-- !query analysis
CreateViewCommand `aggr`, SELECT * FROM VALUES
(0, 0), (0, 10), (0, 20), (0, 30), (0, 40), (1, 10), (1, 20), (2, 10), (2, 20), (2, 25), (2, 30), (3, 60), (4, null)
AS aggr(k, v), false, true, LocalTempView, true
   +- Project [k#x, v#x]
      +- SubqueryAlias aggr
         +- LocalRelation [k#x, v#x]


-- !query
CREATE OR REPLACE TEMPORARY VIEW basic_pays AS SELECT * FROM VALUES
('Diane Murphy','Accounting',8435),
('Mary Patterson','Accounting',9998),
('Jeff Firrelli','Accounting',8992),
('William Patterson','Accounting',8870),
('Gerard Bondur','Accounting',11472),
('Anthony Bow','Accounting',6627),
('Leslie Jennings','IT',8113),
('Leslie Thompson','IT',5186),
('Julie Firrelli','Sales',9181),
('Steve Patterson','Sales',9441),
('Foon Yue Tseng','Sales',6660),
('George Vanauf','Sales',10563),
('Loui Bondur','SCM',10449),
('Gerard Hernandez','SCM',6949),
('Pamela Castillo','SCM',11303),
('Larry Bott','SCM',11798),
('Barry Jones','SCM',10586)
AS basic_pays(employee_name, department, salary)
-- !query analysis
CreateViewCommand `basic_pays`, SELECT * FROM VALUES
('Diane Murphy','Accounting',8435),
('Mary Patterson','Accounting',9998),
('Jeff Firrelli','Accounting',8992),
('William Patterson','Accounting',8870),
('Gerard Bondur','Accounting',11472),
('Anthony Bow','Accounting',6627),
('Leslie Jennings','IT',8113),
('Leslie Thompson','IT',5186),
('Julie Firrelli','Sales',9181),
('Steve Patterson','Sales',9441),
('Foon Yue Tseng','Sales',6660),
('George Vanauf','Sales',10563),
('Loui Bondur','SCM',10449),
('Gerard Hernandez','SCM',6949),
('Pamela Castillo','SCM',11303),
('Larry Bott','SCM',11798),
('Barry Jones','SCM',10586)
AS basic_pays(employee_name, department, salary), false, true, LocalTempView, true
   +- Project [employee_name#x, department#x, salary#x]
      +- SubqueryAlias basic_pays
         +- LocalRelation [employee_name#x, department#x, salary#x]


-- !query
SELECT
  percentile_cont(0.25) WITHIN GROUP (ORDER BY v),
  percentile_cont(0.25) WITHIN GROUP (ORDER BY v) FILTER (WHERE k > 0),
  percentile_cont(0.25) WITHIN GROUP (ORDER BY v DESC),
  percentile_cont(0.25) WITHIN GROUP (ORDER BY v DESC) FILTER (WHERE k > 0)
FROM aggr
-- !query analysis
Aggregate [percentile_cont(v#x, cast(0.25 as double), false) AS percentile_cont(0.25) WITHIN GROUP (ORDER BY v)#x, percentile_cont(v#x, cast(0.25 as double), false) FILTER (WHERE (k#x > 0)) AS percentile_cont(0.25) WITHIN GROUP (ORDER BY v) FILTER (WHERE (k > 0))#x, percentile_cont(v#x, cast(0.25 as double), true) AS percentile_cont(0.25) WITHIN GROUP (ORDER BY v DESC)#x, percentile_cont(v#x, cast(0.25 as double), true) FILTER (WHERE (k#x > 0)) AS percentile_cont(0.25) WITHIN GROUP (ORDER BY v DESC) FILTER (WHERE (k > 0))#x]
+- SubqueryAlias aggr
   +- View (`aggr`, [k#x,v#x])
      +- Project [cast(k#x as int) AS k#x, cast(v#x as int) AS v#x]
         +- Project [k#x, v#x]
            +- SubqueryAlias aggr
               +- LocalRelation [k#x, v#x]


-- !query
SELECT
  k,
  percentile_cont(0.25) WITHIN GROUP (ORDER BY v),
  percentile_cont(0.25) WITHIN GROUP (ORDER BY v) FILTER (WHERE k > 0),
  percentile_cont(0.25) WITHIN GROUP (ORDER BY v DESC),
  percentile_cont(0.25) WITHIN GROUP (ORDER BY v DESC) FILTER (WHERE k > 0)
FROM aggr
GROUP BY k
ORDER BY k
-- !query analysis
Sort [k#x ASC NULLS FIRST], true
+- Aggregate [k#x], [k#x, percentile_cont(v#x, cast(0.25 as double), false) AS percentile_cont(0.25) WITHIN GROUP (ORDER BY v)#x, percentile_cont(v#x, cast(0.25 as double), false) FILTER (WHERE (k#x > 0)) AS percentile_cont(0.25) WITHIN GROUP (ORDER BY v) FILTER (WHERE (k > 0))#x, percentile_cont(v#x, cast(0.25 as double), true) AS percentile_cont(0.25) WITHIN GROUP (ORDER BY v DESC)#x, percentile_cont(v#x, cast(0.25 as double), true) FILTER (WHERE (k#x > 0)) AS percentile_cont(0.25) WITHIN GROUP (ORDER BY v DESC) FILTER (WHERE (k > 0))#x]
   +- SubqueryAlias aggr
      +- View (`aggr`, [k#x,v#x])
         +- Project [cast(k#x as int) AS k#x, cast(v#x as int) AS v#x]
            +- Project [k#x, v#x]
               +- SubqueryAlias aggr
                  +- LocalRelation [k#x, v#x]


-- !query
SELECT
  percentile_disc(0.25) WITHIN GROUP (ORDER BY v),
  percentile_disc(0.25) WITHIN GROUP (ORDER BY v) FILTER (WHERE k > 0),
  percentile_disc(0.25) WITHIN GROUP (ORDER BY v DESC),
  percentile_disc(0.25) WITHIN GROUP (ORDER BY v DESC) FILTER (WHERE k > 0)
FROM aggr
-- !query analysis
Aggregate [percentile_disc(v#x, cast(0.25 as double), false, 0, 0) AS percentile_disc(0.25) WITHIN GROUP (ORDER BY v)#x, percentile_disc(v#x, cast(0.25 as double), false, 0, 0) FILTER (WHERE (k#x > 0)) AS percentile_disc(0.25) WITHIN GROUP (ORDER BY v) FILTER (WHERE (k > 0))#x, percentile_disc(v#x, cast(0.25 as double), true, 0, 0) AS percentile_disc(0.25) WITHIN GROUP (ORDER BY v DESC)#x, percentile_disc(v#x, cast(0.25 as double), true, 0, 0) FILTER (WHERE (k#x > 0)) AS percentile_disc(0.25) WITHIN GROUP (ORDER BY v DESC) FILTER (WHERE (k > 0))#x]
+- SubqueryAlias aggr
   +- View (`aggr`, [k#x,v#x])
      +- Project [cast(k#x as int) AS k#x, cast(v#x as int) AS v#x]
         +- Project [k#x, v#x]
            +- SubqueryAlias aggr
               +- LocalRelation [k#x, v#x]


-- !query
SELECT
  k,
  percentile_disc(0.25) WITHIN GROUP (ORDER BY v),
  percentile_disc(0.25) WITHIN GROUP (ORDER BY v) FILTER (WHERE k > 0),
  percentile_disc(0.25) WITHIN GROUP (ORDER BY v DESC),
  percentile_disc(0.25) WITHIN GROUP (ORDER BY v DESC) FILTER (WHERE k > 0)
FROM aggr
GROUP BY k
ORDER BY k
-- !query analysis
Sort [k#x ASC NULLS FIRST], true
+- Aggregate [k#x], [k#x, percentile_disc(v#x, cast(0.25 as double), false, 0, 0) AS percentile_disc(0.25) WITHIN GROUP (ORDER BY v)#x, percentile_disc(v#x, cast(0.25 as double), false, 0, 0) FILTER (WHERE (k#x > 0)) AS percentile_disc(0.25) WITHIN GROUP (ORDER BY v) FILTER (WHERE (k > 0))#x, percentile_disc(v#x, cast(0.25 as double), true, 0, 0) AS percentile_disc(0.25) WITHIN GROUP (ORDER BY v DESC)#x, percentile_disc(v#x, cast(0.25 as double), true, 0, 0) FILTER (WHERE (k#x > 0)) AS percentile_disc(0.25) WITHIN GROUP (ORDER BY v DESC) FILTER (WHERE (k > 0))#x]
   +- SubqueryAlias aggr
      +- View (`aggr`, [k#x,v#x])
         +- Project [cast(k#x as int) AS k#x, cast(v#x as int) AS v#x]
            +- Project [k#x, v#x]
               +- SubqueryAlias aggr
                  +- LocalRelation [k#x, v#x]


-- !query
SELECT
  median(v),
  percentile(v, 0.5),
  percentile_cont(0.5) WITHIN GROUP (ORDER BY v)
FROM aggr
-- !query analysis
Aggregate [median(v#x) AS median(v)#x, percentile(v#x, cast(0.5 as double), 1, 0, 0, false) AS percentile(v, 0.5, 1)#x, percentile_cont(v#x, cast(0.5 as double), false) AS percentile_cont(0.5) WITHIN GROUP (ORDER BY v)#x]
+- SubqueryAlias aggr
   +- View (`aggr`, [k#x,v#x])
      +- Project [cast(k#x as int) AS k#x, cast(v#x as int) AS v#x]
         +- Project [k#x, v#x]
            +- SubqueryAlias aggr
               +- LocalRelation [k#x, v#x]


-- !query
SELECT
  k,
  median(v),
  percentile(v, 0.5),
  percentile_cont(0.5) WITHIN GROUP (ORDER BY v)
FROM aggr
GROUP BY k
ORDER BY k
-- !query analysis
Sort [k#x ASC NULLS FIRST], true
+- Aggregate [k#x], [k#x, median(v#x) AS median(v)#x, percentile(v#x, cast(0.5 as double), 1, 0, 0, false) AS percentile(v, 0.5, 1)#x, percentile_cont(v#x, cast(0.5 as double), false) AS percentile_cont(0.5) WITHIN GROUP (ORDER BY v)#x]
   +- SubqueryAlias aggr
      +- View (`aggr`, [k#x,v#x])
         +- Project [cast(k#x as int) AS k#x, cast(v#x as int) AS v#x]
            +- Project [k#x, v#x]
               +- SubqueryAlias aggr
                  +- LocalRelation [k#x, v#x]


-- !query
SELECT
    employee_name,
    department,
    salary,
    percentile_cont(0.25) WITHIN GROUP (ORDER BY salary) OVER (PARTITION BY department),
    percentile_disc(0.25) WITHIN GROUP (ORDER BY salary) OVER (PARTITION BY department),
    percentile_cont(0.25) WITHIN GROUP (ORDER BY salary DESC) OVER (PARTITION BY department),
    percentile_disc(0.25) WITHIN GROUP (ORDER BY salary DESC) OVER (PARTITION BY department)
FROM basic_pays
ORDER BY salary
-- !query analysis
Sort [salary#x ASC NULLS FIRST], true
+- Project [employee_name#x, department#x, salary#x, percentile_cont(0.25) WITHIN GROUP (ORDER BY v) OVER (PARTITION BY department ROWS BETWEEN UNBOUNDED PRECEDING AND UNBOUNDED FOLLOWING)#x, percentile_disc(0.25) WITHIN GROUP (ORDER BY v) OVER (PARTITION BY department ROWS BETWEEN UNBOUNDED PRECEDING AND UNBOUNDED FOLLOWING)#x, percentile_cont(0.25) WITHIN GROUP (ORDER BY v DESC) OVER (PARTITION BY department ROWS BETWEEN UNBOUNDED PRECEDING AND UNBOUNDED FOLLOWING)#x, percentile_disc(0.25) WITHIN GROUP (ORDER BY v DESC) OVER (PARTITION BY department ROWS BETWEEN UNBOUNDED PRECEDING AND UNBOUNDED FOLLOWING)#x]
   +- Project [employee_name#x, department#x, salary#x, percentile_cont(0.25) WITHIN GROUP (ORDER BY v) OVER (PARTITION BY department ROWS BETWEEN UNBOUNDED PRECEDING AND UNBOUNDED FOLLOWING)#x, percentile_disc(0.25) WITHIN GROUP (ORDER BY v) OVER (PARTITION BY department ROWS BETWEEN UNBOUNDED PRECEDING AND UNBOUNDED FOLLOWING)#x, percentile_cont(0.25) WITHIN GROUP (ORDER BY v DESC) OVER (PARTITION BY department ROWS BETWEEN UNBOUNDED PRECEDING AND UNBOUNDED FOLLOWING)#x, percentile_disc(0.25) WITHIN GROUP (ORDER BY v DESC) OVER (PARTITION BY department ROWS BETWEEN UNBOUNDED PRECEDING AND UNBOUNDED FOLLOWING)#x, percentile_cont(0.25) WITHIN GROUP (ORDER BY v) OVER (PARTITION BY department ROWS BETWEEN UNBOUNDED PRECEDING AND UNBOUNDED FOLLOWING)#x, percentile_disc(0.25) WITHIN GROUP (ORDER BY v) OVER (PARTITION BY department ROWS BETWEEN UNBOUNDED PRECEDING AND UNBOUNDED FOLLOWING)#x, percentile_cont(0.25) WITHIN GROUP (ORDER BY v DESC) OVER (PARTITION BY department ROWS BETWEEN UNBOUNDED PRECEDING AND UNBOUNDED FOLLOWING)#x, percentile_disc(0.25) WITHIN GROUP (ORDER BY v DESC) OVER (PARTITION BY department ROWS BETWEEN UNBOUNDED PRECEDING AND UNBOUNDED FOLLOWING)#x]
      +- Window [percentile_cont(salary#x, cast(0.25 as double), false) windowspecdefinition(department#x, specifiedwindowframe(RowFrame, unboundedpreceding$(), unboundedfollowing$())) AS percentile_cont(0.25) WITHIN GROUP (ORDER BY v) OVER (PARTITION BY department ROWS BETWEEN UNBOUNDED PRECEDING AND UNBOUNDED FOLLOWING)#x, percentile_disc(salary#x, cast(0.25 as double), false, 0, 0) windowspecdefinition(department#x, specifiedwindowframe(RowFrame, unboundedpreceding$(), unboundedfollowing$())) AS percentile_disc(0.25) WITHIN GROUP (ORDER BY v) OVER (PARTITION BY department ROWS BETWEEN UNBOUNDED PRECEDING AND UNBOUNDED FOLLOWING)#x, percentile_cont(salary#x, cast(0.25 as double), true) windowspecdefinition(department#x, specifiedwindowframe(RowFrame, unboundedpreceding$(), unboundedfollowing$())) AS percentile_cont(0.25) WITHIN GROUP (ORDER BY v DESC) OVER (PARTITION BY department ROWS BETWEEN UNBOUNDED PRECEDING AND UNBOUNDED FOLLOWING)#x, percentile_disc(salary#x, cast(0.25 as double), true, 0, 0) windowspecdefinition(department#x, specifiedwindowframe(RowFrame, unboundedpreceding$(), unboundedfollowing$())) AS percentile_disc(0.25) WITHIN GROUP (ORDER BY v DESC) OVER (PARTITION BY department ROWS BETWEEN UNBOUNDED PRECEDING AND UNBOUNDED FOLLOWING)#x], [department#x]
         +- Project [employee_name#x, department#x, salary#x]
            +- SubqueryAlias basic_pays
               +- View (`basic_pays`, [employee_name#x,department#x,salary#x])
                  +- Project [cast(employee_name#x as string) AS employee_name#x, cast(department#x as string) AS department#x, cast(salary#x as int) AS salary#x]
                     +- Project [employee_name#x, department#x, salary#x]
                        +- SubqueryAlias basic_pays
                           +- LocalRelation [employee_name#x, department#x, salary#x]


-- !query
SELECT
    employee_name,
    department,
    salary,
    percentile_cont(0.25) WITHIN GROUP (ORDER BY salary) OVER (PARTITION BY department ORDER BY salary),
    percentile_cont(0.25) WITHIN GROUP (ORDER BY salary DESC) OVER (PARTITION BY department ORDER BY salary)
FROM basic_pays
ORDER BY salary
-- !query analysis
org.apache.spark.sql.AnalysisException
{
  "errorClass" : "_LEGACY_ERROR_TEMP_2411",
  "messageParameters" : {
    "aggFunc" : "percentile_cont"
  },
  "queryContext" : [ {
    "objectType" : "",
    "objectName" : "",
    "startIndex" : 59,
    "stopIndex" : 157,
    "fragment" : "percentile_cont(0.25) WITHIN GROUP (ORDER BY salary) OVER (PARTITION BY department ORDER BY salary)"
  } ]
}


-- !query
SELECT
    employee_name,
    department,
    salary,
    percentile_disc(0.25) WITHIN GROUP (ORDER BY salary) OVER (PARTITION BY department ORDER BY salary),
    percentile_disc(0.25) WITHIN GROUP (ORDER BY salary DESC) OVER (PARTITION BY department ORDER BY salary)
FROM basic_pays
ORDER BY salary
-- !query analysis
org.apache.spark.sql.AnalysisException
{
  "errorClass" : "_LEGACY_ERROR_TEMP_2411",
  "messageParameters" : {
    "aggFunc" : "percentile_disc"
  },
  "queryContext" : [ {
    "objectType" : "",
    "objectName" : "",
    "startIndex" : 59,
    "stopIndex" : 157,
    "fragment" : "percentile_disc(0.25) WITHIN GROUP (ORDER BY salary) OVER (PARTITION BY department ORDER BY salary)"
  } ]
}


-- !query
SELECT
    employee_name,
    department,
    salary,
    median(salary) OVER (PARTITION BY department ORDER BY salary)
FROM basic_pays
ORDER BY salary
-- !query analysis
org.apache.spark.sql.AnalysisException
{
  "errorClass" : "_LEGACY_ERROR_TEMP_2411",
  "messageParameters" : {
    "aggFunc" : "median"
  },
  "queryContext" : [ {
    "objectType" : "",
    "objectName" : "",
    "startIndex" : 59,
    "stopIndex" : 119,
    "fragment" : "median(salary) OVER (PARTITION BY department ORDER BY salary)"
  } ]
}


-- !query
SELECT
    employee_name,
    department,
    salary,
    percentile_cont(0.25) WITHIN GROUP (ORDER BY salary) OVER (PARTITION BY department ROWS BETWEEN UNBOUNDED PRECEDING AND 1 FOLLOWING),
    percentile_cont(0.25) WITHIN GROUP (ORDER BY salary DESC) OVER (PARTITION BY department ROWS BETWEEN UNBOUNDED PRECEDING AND 1 FOLLOWING)
FROM basic_pays
ORDER BY salary
-- !query analysis
org.apache.spark.sql.AnalysisException
{
  "errorClass" : "_LEGACY_ERROR_TEMP_2411",
  "messageParameters" : {
    "aggFunc" : "percentile_cont"
  },
  "queryContext" : [ {
    "objectType" : "",
    "objectName" : "",
    "startIndex" : 59,
    "stopIndex" : 190,
    "fragment" : "percentile_cont(0.25) WITHIN GROUP (ORDER BY salary) OVER (PARTITION BY department ROWS BETWEEN UNBOUNDED PRECEDING AND 1 FOLLOWING)"
  } ]
}


-- !query
SELECT
    employee_name,
    department,
    salary,
    percentile_disc(0.25) WITHIN GROUP (ORDER BY salary) OVER (PARTITION BY department ROWS BETWEEN UNBOUNDED PRECEDING AND 1 FOLLOWING),
    percentile_disc(0.25) WITHIN GROUP (ORDER BY salary DESC) OVER (PARTITION BY department ROWS BETWEEN UNBOUNDED PRECEDING AND 1 FOLLOWING)
FROM basic_pays
ORDER BY salary
-- !query analysis
org.apache.spark.sql.AnalysisException
{
  "errorClass" : "_LEGACY_ERROR_TEMP_2411",
  "messageParameters" : {
    "aggFunc" : "percentile_disc"
  },
  "queryContext" : [ {
    "objectType" : "",
    "objectName" : "",
    "startIndex" : 59,
    "stopIndex" : 190,
    "fragment" : "percentile_disc(0.25) WITHIN GROUP (ORDER BY salary) OVER (PARTITION BY department ROWS BETWEEN UNBOUNDED PRECEDING AND 1 FOLLOWING)"
  } ]
}


-- !query
SELECT
    employee_name,
    department,
    salary,
    median(salary) OVER (PARTITION BY department ROWS BETWEEN UNBOUNDED PRECEDING AND 1 FOLLOWING)
FROM basic_pays
ORDER BY salary
-- !query analysis
org.apache.spark.sql.AnalysisException
{
  "errorClass" : "_LEGACY_ERROR_TEMP_2411",
  "messageParameters" : {
    "aggFunc" : "median"
  },
  "queryContext" : [ {
    "objectType" : "",
    "objectName" : "",
    "startIndex" : 59,
    "stopIndex" : 152,
    "fragment" : "median(salary) OVER (PARTITION BY department ROWS BETWEEN UNBOUNDED PRECEDING AND 1 FOLLOWING)"
  } ]
}


-- !query
SELECT
    employee_name,
    department,
    salary,
    percentile_cont(0.25) WITHIN GROUP (ORDER BY salary) OVER w,
    percentile_disc(0.25) WITHIN GROUP (ORDER BY salary) OVER w,
    percentile_cont(0.25) WITHIN GROUP (ORDER BY salary DESC) OVER w,
    percentile_disc(0.25) WITHIN GROUP (ORDER BY salary DESC) OVER w
FROM basic_pays
WINDOW w AS (PARTITION BY department)
ORDER BY salary
-- !query analysis
Sort [salary#x ASC NULLS FIRST], true
+- Project [employee_name#x, department#x, salary#x, percentile_cont(0.25) WITHIN GROUP (ORDER BY v) OVER (PARTITION BY department ROWS BETWEEN UNBOUNDED PRECEDING AND UNBOUNDED FOLLOWING)#x, percentile_disc(0.25) WITHIN GROUP (ORDER BY v) OVER (PARTITION BY department ROWS BETWEEN UNBOUNDED PRECEDING AND UNBOUNDED FOLLOWING)#x, percentile_cont(0.25) WITHIN GROUP (ORDER BY v DESC) OVER (PARTITION BY department ROWS BETWEEN UNBOUNDED PRECEDING AND UNBOUNDED FOLLOWING)#x, percentile_disc(0.25) WITHIN GROUP (ORDER BY v DESC) OVER (PARTITION BY department ROWS BETWEEN UNBOUNDED PRECEDING AND UNBOUNDED FOLLOWING)#x]
   +- Project [employee_name#x, department#x, salary#x, percentile_cont(0.25) WITHIN GROUP (ORDER BY v) OVER (PARTITION BY department ROWS BETWEEN UNBOUNDED PRECEDING AND UNBOUNDED FOLLOWING)#x, percentile_disc(0.25) WITHIN GROUP (ORDER BY v) OVER (PARTITION BY department ROWS BETWEEN UNBOUNDED PRECEDING AND UNBOUNDED FOLLOWING)#x, percentile_cont(0.25) WITHIN GROUP (ORDER BY v DESC) OVER (PARTITION BY department ROWS BETWEEN UNBOUNDED PRECEDING AND UNBOUNDED FOLLOWING)#x, percentile_disc(0.25) WITHIN GROUP (ORDER BY v DESC) OVER (PARTITION BY department ROWS BETWEEN UNBOUNDED PRECEDING AND UNBOUNDED FOLLOWING)#x, percentile_cont(0.25) WITHIN GROUP (ORDER BY v) OVER (PARTITION BY department ROWS BETWEEN UNBOUNDED PRECEDING AND UNBOUNDED FOLLOWING)#x, percentile_disc(0.25) WITHIN GROUP (ORDER BY v) OVER (PARTITION BY department ROWS BETWEEN UNBOUNDED PRECEDING AND UNBOUNDED FOLLOWING)#x, percentile_cont(0.25) WITHIN GROUP (ORDER BY v DESC) OVER (PARTITION BY department ROWS BETWEEN UNBOUNDED PRECEDING AND UNBOUNDED FOLLOWING)#x, percentile_disc(0.25) WITHIN GROUP (ORDER BY v DESC) OVER (PARTITION BY department ROWS BETWEEN UNBOUNDED PRECEDING AND UNBOUNDED FOLLOWING)#x]
      +- Window [percentile_cont(salary#x, cast(0.25 as double), false) windowspecdefinition(department#x, specifiedwindowframe(RowFrame, unboundedpreceding$(), unboundedfollowing$())) AS percentile_cont(0.25) WITHIN GROUP (ORDER BY v) OVER (PARTITION BY department ROWS BETWEEN UNBOUNDED PRECEDING AND UNBOUNDED FOLLOWING)#x, percentile_disc(salary#x, cast(0.25 as double), false, 0, 0) windowspecdefinition(department#x, specifiedwindowframe(RowFrame, unboundedpreceding$(), unboundedfollowing$())) AS percentile_disc(0.25) WITHIN GROUP (ORDER BY v) OVER (PARTITION BY department ROWS BETWEEN UNBOUNDED PRECEDING AND UNBOUNDED FOLLOWING)#x, percentile_cont(salary#x, cast(0.25 as double), true) windowspecdefinition(department#x, specifiedwindowframe(RowFrame, unboundedpreceding$(), unboundedfollowing$())) AS percentile_cont(0.25) WITHIN GROUP (ORDER BY v DESC) OVER (PARTITION BY department ROWS BETWEEN UNBOUNDED PRECEDING AND UNBOUNDED FOLLOWING)#x, percentile_disc(salary#x, cast(0.25 as double), true, 0, 0) windowspecdefinition(department#x, specifiedwindowframe(RowFrame, unboundedpreceding$(), unboundedfollowing$())) AS percentile_disc(0.25) WITHIN GROUP (ORDER BY v DESC) OVER (PARTITION BY department ROWS BETWEEN UNBOUNDED PRECEDING AND UNBOUNDED FOLLOWING)#x], [department#x]
         +- Project [employee_name#x, department#x, salary#x]
            +- SubqueryAlias basic_pays
               +- View (`basic_pays`, [employee_name#x,department#x,salary#x])
                  +- Project [cast(employee_name#x as string) AS employee_name#x, cast(department#x as string) AS department#x, cast(salary#x as int) AS salary#x]
                     +- Project [employee_name#x, department#x, salary#x]
                        +- SubqueryAlias basic_pays
                           +- LocalRelation [employee_name#x, department#x, salary#x]


-- !query
SELECT
    employee_name,
    department,
    salary,
    median(salary) OVER w,
    percentile_cont(0.5) WITHIN GROUP (ORDER BY salary) OVER w,
    percentile_disc(0.5) WITHIN GROUP (ORDER BY salary) OVER w,
    percentile_cont(0.5) WITHIN GROUP (ORDER BY salary DESC) OVER w,
    percentile_disc(0.5) WITHIN GROUP (ORDER BY salary DESC) OVER w
FROM basic_pays
WHERE salary > 8900
WINDOW w AS (PARTITION BY department)
ORDER BY salary
-- !query analysis
Sort [salary#x ASC NULLS FIRST], true
+- Project [employee_name#x, department#x, salary#x, median(salary) OVER (PARTITION BY department ROWS BETWEEN UNBOUNDED PRECEDING AND UNBOUNDED FOLLOWING)#x, percentile_cont(0.5) WITHIN GROUP (ORDER BY v) OVER (PARTITION BY department ROWS BETWEEN UNBOUNDED PRECEDING AND UNBOUNDED FOLLOWING)#x, percentile_disc(0.5) WITHIN GROUP (ORDER BY v) OVER (PARTITION BY department ROWS BETWEEN UNBOUNDED PRECEDING AND UNBOUNDED FOLLOWING)#x, percentile_cont(0.5) WITHIN GROUP (ORDER BY v DESC) OVER (PARTITION BY department ROWS BETWEEN UNBOUNDED PRECEDING AND UNBOUNDED FOLLOWING)#x, percentile_disc(0.5) WITHIN GROUP (ORDER BY v DESC) OVER (PARTITION BY department ROWS BETWEEN UNBOUNDED PRECEDING AND UNBOUNDED FOLLOWING)#x]
   +- Project [employee_name#x, department#x, salary#x, median(salary) OVER (PARTITION BY department ROWS BETWEEN UNBOUNDED PRECEDING AND UNBOUNDED FOLLOWING)#x, percentile_cont(0.5) WITHIN GROUP (ORDER BY v) OVER (PARTITION BY department ROWS BETWEEN UNBOUNDED PRECEDING AND UNBOUNDED FOLLOWING)#x, percentile_disc(0.5) WITHIN GROUP (ORDER BY v) OVER (PARTITION BY department ROWS BETWEEN UNBOUNDED PRECEDING AND UNBOUNDED FOLLOWING)#x, percentile_cont(0.5) WITHIN GROUP (ORDER BY v DESC) OVER (PARTITION BY department ROWS BETWEEN UNBOUNDED PRECEDING AND UNBOUNDED FOLLOWING)#x, percentile_disc(0.5) WITHIN GROUP (ORDER BY v DESC) OVER (PARTITION BY department ROWS BETWEEN UNBOUNDED PRECEDING AND UNBOUNDED FOLLOWING)#x, median(salary) OVER (PARTITION BY department ROWS BETWEEN UNBOUNDED PRECEDING AND UNBOUNDED FOLLOWING)#x, percentile_cont(0.5) WITHIN GROUP (ORDER BY v) OVER (PARTITION BY department ROWS BETWEEN UNBOUNDED PRECEDING AND UNBOUNDED FOLLOWING)#x, percentile_disc(0.5) WITHIN GROUP (ORDER BY v) OVER (PARTITION BY department ROWS BETWEEN UNBOUNDED PRECEDING AND UNBOUNDED FOLLOWING)#x, percentile_cont(0.5) WITHIN GROUP (ORDER BY v DESC) OVER (PARTITION BY department ROWS BETWEEN UNBOUNDED PRECEDING AND UNBOUNDED FOLLOWING)#x, percentile_disc(0.5) WITHIN GROUP (ORDER BY v DESC) OVER (PARTITION BY department ROWS BETWEEN UNBOUNDED PRECEDING AND UNBOUNDED FOLLOWING)#x]
      +- Window [median(salary#x) windowspecdefinition(department#x, specifiedwindowframe(RowFrame, unboundedpreceding$(), unboundedfollowing$())) AS median(salary) OVER (PARTITION BY department ROWS BETWEEN UNBOUNDED PRECEDING AND UNBOUNDED FOLLOWING)#x, percentile_cont(salary#x, cast(0.5 as double), false) windowspecdefinition(department#x, specifiedwindowframe(RowFrame, unboundedpreceding$(), unboundedfollowing$())) AS percentile_cont(0.5) WITHIN GROUP (ORDER BY v) OVER (PARTITION BY department ROWS BETWEEN UNBOUNDED PRECEDING AND UNBOUNDED FOLLOWING)#x, percentile_disc(salary#x, cast(0.5 as double), false, 0, 0) windowspecdefinition(department#x, specifiedwindowframe(RowFrame, unboundedpreceding$(), unboundedfollowing$())) AS percentile_disc(0.5) WITHIN GROUP (ORDER BY v) OVER (PARTITION BY department ROWS BETWEEN UNBOUNDED PRECEDING AND UNBOUNDED FOLLOWING)#x, percentile_cont(salary#x, cast(0.5 as double), true) windowspecdefinition(department#x, specifiedwindowframe(RowFrame, unboundedpreceding$(), unboundedfollowing$())) AS percentile_cont(0.5) WITHIN GROUP (ORDER BY v DESC) OVER (PARTITION BY department ROWS BETWEEN UNBOUNDED PRECEDING AND UNBOUNDED FOLLOWING)#x, percentile_disc(salary#x, cast(0.5 as double), true, 0, 0) windowspecdefinition(department#x, specifiedwindowframe(RowFrame, unboundedpreceding$(), unboundedfollowing$())) AS percentile_disc(0.5) WITHIN GROUP (ORDER BY v DESC) OVER (PARTITION BY department ROWS BETWEEN UNBOUNDED PRECEDING AND UNBOUNDED FOLLOWING)#x], [department#x]
         +- Project [employee_name#x, department#x, salary#x]
            +- Filter (salary#x > 8900)
               +- SubqueryAlias basic_pays
                  +- View (`basic_pays`, [employee_name#x,department#x,salary#x])
                     +- Project [cast(employee_name#x as string) AS employee_name#x, cast(department#x as string) AS department#x, cast(salary#x as int) AS salary#x]
                        +- Project [employee_name#x, department#x, salary#x]
                           +- SubqueryAlias basic_pays
                              +- LocalRelation [employee_name#x, department#x, salary#x]


-- !query
SELECT
    employee_name,
    department,
    salary,
    percentile_cont(0.25) WITHIN GROUP (ORDER BY salary) OVER w,
    percentile_cont(0.25) WITHIN GROUP (ORDER BY salary DESC) OVER w
FROM basic_pays
WINDOW w AS (PARTITION BY department ORDER BY salary)
ORDER BY salary
-- !query analysis
org.apache.spark.sql.AnalysisException
{
  "errorClass" : "_LEGACY_ERROR_TEMP_2411",
  "messageParameters" : {
    "aggFunc" : "percentile_cont"
  },
  "queryContext" : [ {
    "objectType" : "",
    "objectName" : "",
    "startIndex" : 59,
    "stopIndex" : 117,
    "fragment" : "percentile_cont(0.25) WITHIN GROUP (ORDER BY salary) OVER w"
  } ]
}


-- !query
SELECT
    employee_name,
    department,
    salary,
    percentile_disc(0.25) WITHIN GROUP (ORDER BY salary) OVER w,
    percentile_disc(0.25) WITHIN GROUP (ORDER BY salary DESC) OVER w
FROM basic_pays
WINDOW w AS (PARTITION BY department ORDER BY salary)
ORDER BY salary
-- !query analysis
org.apache.spark.sql.AnalysisException
{
  "errorClass" : "_LEGACY_ERROR_TEMP_2411",
  "messageParameters" : {
    "aggFunc" : "percentile_disc"
  },
  "queryContext" : [ {
    "objectType" : "",
    "objectName" : "",
    "startIndex" : 59,
    "stopIndex" : 117,
    "fragment" : "percentile_disc(0.25) WITHIN GROUP (ORDER BY salary) OVER w"
  } ]
}


-- !query
SELECT
    employee_name,
    department,
    salary,
    median(salary) OVER w
FROM basic_pays
WINDOW w AS (PARTITION BY department ORDER BY salary)
ORDER BY salary
-- !query analysis
org.apache.spark.sql.AnalysisException
{
  "errorClass" : "_LEGACY_ERROR_TEMP_2411",
  "messageParameters" : {
    "aggFunc" : "median"
  },
  "queryContext" : [ {
    "objectType" : "",
    "objectName" : "",
    "startIndex" : 59,
    "stopIndex" : 79,
    "fragment" : "median(salary) OVER w"
  } ]
}


-- !query
SELECT
    employee_name,
    department,
    salary,
    percentile_cont(0.25) WITHIN GROUP (ORDER BY salary) OVER w,
    percentile_cont(0.25) WITHIN GROUP (ORDER BY salary DESC) OVER w
FROM basic_pays
WINDOW w AS (PARTITION BY department ROWS BETWEEN UNBOUNDED PRECEDING AND 1 FOLLOWING)
ORDER BY salary
-- !query analysis
org.apache.spark.sql.AnalysisException
{
  "errorClass" : "_LEGACY_ERROR_TEMP_2411",
  "messageParameters" : {
    "aggFunc" : "percentile_cont"
  },
  "queryContext" : [ {
    "objectType" : "",
    "objectName" : "",
    "startIndex" : 59,
    "stopIndex" : 117,
    "fragment" : "percentile_cont(0.25) WITHIN GROUP (ORDER BY salary) OVER w"
  } ]
}


-- !query
SELECT
    employee_name,
    department,
    salary,
    percentile_disc(0.25) WITHIN GROUP (ORDER BY salary) OVER w,
    percentile_disc(0.25) WITHIN GROUP (ORDER BY salary DESC) OVER w
FROM basic_pays
WINDOW w AS (PARTITION BY department ROWS BETWEEN UNBOUNDED PRECEDING AND 1 FOLLOWING)
ORDER BY salary
-- !query analysis
org.apache.spark.sql.AnalysisException
{
  "errorClass" : "_LEGACY_ERROR_TEMP_2411",
  "messageParameters" : {
    "aggFunc" : "percentile_disc"
  },
  "queryContext" : [ {
    "objectType" : "",
    "objectName" : "",
    "startIndex" : 59,
    "stopIndex" : 117,
    "fragment" : "percentile_disc(0.25) WITHIN GROUP (ORDER BY salary) OVER w"
  } ]
}


-- !query
SELECT
    employee_name,
    department,
    salary,
    median(salary) OVER w
FROM basic_pays
WINDOW w AS (PARTITION BY department ROWS BETWEEN UNBOUNDED PRECEDING AND 1 FOLLOWING)
ORDER BY salary
-- !query analysis
org.apache.spark.sql.AnalysisException
{
  "errorClass" : "_LEGACY_ERROR_TEMP_2411",
  "messageParameters" : {
    "aggFunc" : "median"
  },
  "queryContext" : [ {
    "objectType" : "",
    "objectName" : "",
    "startIndex" : 59,
    "stopIndex" : 79,
    "fragment" : "median(salary) OVER w"
  } ]
}


-- !query
CREATE OR REPLACE TEMPORARY VIEW intervals AS SELECT * FROM VALUES
(0, INTERVAL '0' MONTH, INTERVAL '0' SECOND, INTERVAL '0' MINUTE),
(0, INTERVAL '10' MONTH, INTERVAL '10' SECOND, INTERVAL '10' MINUTE),
(0, INTERVAL '20' MONTH, INTERVAL '20' SECOND, INTERVAL '20' MINUTE),
(0, INTERVAL '30' MONTH, INTERVAL '30' SECOND, INTERVAL '30' MINUTE),
(0, INTERVAL '40' MONTH, INTERVAL '40' SECOND, INTERVAL '40' MINUTE),
(1, INTERVAL '10' MONTH, INTERVAL '10' SECOND, INTERVAL '10' MINUTE),
(1, INTERVAL '20' MONTH, INTERVAL '20' SECOND, INTERVAL '20' MINUTE),
(2, INTERVAL '10' MONTH, INTERVAL '10' SECOND, INTERVAL '10' MINUTE),
(2, INTERVAL '20' MONTH, INTERVAL '20' SECOND, INTERVAL '20' MINUTE),
(2, INTERVAL '25' MONTH, INTERVAL '25' SECOND, INTERVAL '25' MINUTE),
(2, INTERVAL '30' MONTH, INTERVAL '30' SECOND, INTERVAL '30' MINUTE),
(3, INTERVAL '60' MONTH, INTERVAL '60' SECOND, INTERVAL '60' MINUTE),
(4, null, null, null)
AS intervals(k, dt, ym, dt2)
-- !query analysis
CreateViewCommand `intervals`, SELECT * FROM VALUES
(0, INTERVAL '0' MONTH, INTERVAL '0' SECOND, INTERVAL '0' MINUTE),
(0, INTERVAL '10' MONTH, INTERVAL '10' SECOND, INTERVAL '10' MINUTE),
(0, INTERVAL '20' MONTH, INTERVAL '20' SECOND, INTERVAL '20' MINUTE),
(0, INTERVAL '30' MONTH, INTERVAL '30' SECOND, INTERVAL '30' MINUTE),
(0, INTERVAL '40' MONTH, INTERVAL '40' SECOND, INTERVAL '40' MINUTE),
(1, INTERVAL '10' MONTH, INTERVAL '10' SECOND, INTERVAL '10' MINUTE),
(1, INTERVAL '20' MONTH, INTERVAL '20' SECOND, INTERVAL '20' MINUTE),
(2, INTERVAL '10' MONTH, INTERVAL '10' SECOND, INTERVAL '10' MINUTE),
(2, INTERVAL '20' MONTH, INTERVAL '20' SECOND, INTERVAL '20' MINUTE),
(2, INTERVAL '25' MONTH, INTERVAL '25' SECOND, INTERVAL '25' MINUTE),
(2, INTERVAL '30' MONTH, INTERVAL '30' SECOND, INTERVAL '30' MINUTE),
(3, INTERVAL '60' MONTH, INTERVAL '60' SECOND, INTERVAL '60' MINUTE),
(4, null, null, null)
AS intervals(k, dt, ym, dt2), false, true, LocalTempView, true
   +- Project [k#x, dt#x, ym#x, dt2#x]
      +- SubqueryAlias intervals
         +- LocalRelation [k#x, dt#x, ym#x, dt2#x]


-- !query
SELECT
  percentile_cont(0.25) WITHIN GROUP (ORDER BY dt),
  percentile_cont(0.25) WITHIN GROUP (ORDER BY dt DESC)
FROM intervals
-- !query analysis
Aggregate [percentile_cont(dt#x, cast(0.25 as double), false) AS percentile_cont(0.25) WITHIN GROUP (ORDER BY v)#x, percentile_cont(dt#x, cast(0.25 as double), true) AS percentile_cont(0.25) WITHIN GROUP (ORDER BY v DESC)#x]
+- SubqueryAlias intervals
   +- View (`intervals`, [k#x,dt#x,ym#x,dt2#x])
      +- Project [cast(k#x as int) AS k#x, cast(dt#x as interval month) AS dt#x, cast(ym#x as interval second) AS ym#x, cast(dt2#x as interval minute) AS dt2#x]
         +- Project [k#x, dt#x, ym#x, dt2#x]
            +- SubqueryAlias intervals
               +- LocalRelation [k#x, dt#x, ym#x, dt2#x]


-- !query
SELECT
  k,
  percentile_cont(0.25) WITHIN GROUP (ORDER BY ym),
  percentile_cont(0.25) WITHIN GROUP (ORDER BY ym DESC)
FROM intervals
GROUP BY k
ORDER BY k
-- !query analysis
Sort [k#x ASC NULLS FIRST], true
+- Aggregate [k#x], [k#x, percentile_cont(ym#x, cast(0.25 as double), false) AS percentile_cont(0.25) WITHIN GROUP (ORDER BY v)#x, percentile_cont(ym#x, cast(0.25 as double), true) AS percentile_cont(0.25) WITHIN GROUP (ORDER BY v DESC)#x]
   +- SubqueryAlias intervals
      +- View (`intervals`, [k#x,dt#x,ym#x,dt2#x])
         +- Project [cast(k#x as int) AS k#x, cast(dt#x as interval month) AS dt#x, cast(ym#x as interval second) AS ym#x, cast(dt2#x as interval minute) AS dt2#x]
            +- Project [k#x, dt#x, ym#x, dt2#x]
               +- SubqueryAlias intervals
                  +- LocalRelation [k#x, dt#x, ym#x, dt2#x]


-- !query
SELECT
  k,
  percentile_cont(0.25) WITHIN GROUP (ORDER BY dt2),
  percentile_cont(0.25) WITHIN GROUP (ORDER BY dt2 DESC)
FROM intervals
GROUP BY k
ORDER BY k
-- !query analysis
Sort [k#x ASC NULLS FIRST], true
+- Aggregate [k#x], [k#x, percentile_cont(dt2#x, cast(0.25 as double), false) AS percentile_cont(0.25) WITHIN GROUP (ORDER BY v)#x, percentile_cont(dt2#x, cast(0.25 as double), true) AS percentile_cont(0.25) WITHIN GROUP (ORDER BY v DESC)#x]
   +- SubqueryAlias intervals
      +- View (`intervals`, [k#x,dt#x,ym#x,dt2#x])
         +- Project [cast(k#x as int) AS k#x, cast(dt#x as interval month) AS dt#x, cast(ym#x as interval second) AS ym#x, cast(dt2#x as interval minute) AS dt2#x]
            +- Project [k#x, dt#x, ym#x, dt2#x]
               +- SubqueryAlias intervals
                  +- LocalRelation [k#x, dt#x, ym#x, dt2#x]


-- !query
SELECT
  percentile_disc(0.25) WITHIN GROUP (ORDER BY dt),
  percentile_disc(0.25) WITHIN GROUP (ORDER BY dt DESC)
FROM intervals
-- !query analysis
Aggregate [percentile_disc(dt#x, cast(0.25 as double), false, 0, 0) AS percentile_disc(0.25) WITHIN GROUP (ORDER BY v)#x, percentile_disc(dt#x, cast(0.25 as double), true, 0, 0) AS percentile_disc(0.25) WITHIN GROUP (ORDER BY v DESC)#x]
+- SubqueryAlias intervals
   +- View (`intervals`, [k#x,dt#x,ym#x,dt2#x])
      +- Project [cast(k#x as int) AS k#x, cast(dt#x as interval month) AS dt#x, cast(ym#x as interval second) AS ym#x, cast(dt2#x as interval minute) AS dt2#x]
         +- Project [k#x, dt#x, ym#x, dt2#x]
            +- SubqueryAlias intervals
               +- LocalRelation [k#x, dt#x, ym#x, dt2#x]


-- !query
SELECT
  k,
  percentile_disc(0.25) WITHIN GROUP (ORDER BY ym),
  percentile_disc(0.25) WITHIN GROUP (ORDER BY ym DESC)
FROM intervals
GROUP BY k
ORDER BY k
-- !query analysis
Sort [k#x ASC NULLS FIRST], true
+- Aggregate [k#x], [k#x, percentile_disc(ym#x, cast(0.25 as double), false, 0, 0) AS percentile_disc(0.25) WITHIN GROUP (ORDER BY v)#x, percentile_disc(ym#x, cast(0.25 as double), true, 0, 0) AS percentile_disc(0.25) WITHIN GROUP (ORDER BY v DESC)#x]
   +- SubqueryAlias intervals
      +- View (`intervals`, [k#x,dt#x,ym#x,dt2#x])
         +- Project [cast(k#x as int) AS k#x, cast(dt#x as interval month) AS dt#x, cast(ym#x as interval second) AS ym#x, cast(dt2#x as interval minute) AS dt2#x]
            +- Project [k#x, dt#x, ym#x, dt2#x]
               +- SubqueryAlias intervals
                  +- LocalRelation [k#x, dt#x, ym#x, dt2#x]


-- !query
SELECT
  k,
  percentile_disc(0.25) WITHIN GROUP (ORDER BY dt2),
  percentile_disc(0.25) WITHIN GROUP (ORDER BY dt2 DESC)
FROM intervals
GROUP BY k
ORDER BY k
-- !query analysis
Sort [k#x ASC NULLS FIRST], true
+- Aggregate [k#x], [k#x, percentile_disc(dt2#x, cast(0.25 as double), false, 0, 0) AS percentile_disc(0.25) WITHIN GROUP (ORDER BY v)#x, percentile_disc(dt2#x, cast(0.25 as double), true, 0, 0) AS percentile_disc(0.25) WITHIN GROUP (ORDER BY v DESC)#x]
   +- SubqueryAlias intervals
      +- View (`intervals`, [k#x,dt#x,ym#x,dt2#x])
         +- Project [cast(k#x as int) AS k#x, cast(dt#x as interval month) AS dt#x, cast(ym#x as interval second) AS ym#x, cast(dt2#x as interval minute) AS dt2#x]
            +- Project [k#x, dt#x, ym#x, dt2#x]
               +- SubqueryAlias intervals
                  +- LocalRelation [k#x, dt#x, ym#x, dt2#x]


-- !query
SELECT
  median(dt),
  percentile(dt, 0.5),
  percentile_cont(0.5) WITHIN GROUP (ORDER BY dt)
FROM intervals
-- !query analysis
Aggregate [median(dt#x) AS median(dt)#x, percentile(dt#x, cast(0.5 as double), 1, 0, 0, false) AS percentile(dt, 0.5, 1)#x, percentile_cont(dt#x, cast(0.5 as double), false) AS percentile_cont(0.5) WITHIN GROUP (ORDER BY v)#x]
+- SubqueryAlias intervals
   +- View (`intervals`, [k#x,dt#x,ym#x,dt2#x])
      +- Project [cast(k#x as int) AS k#x, cast(dt#x as interval month) AS dt#x, cast(ym#x as interval second) AS ym#x, cast(dt2#x as interval minute) AS dt2#x]
         +- Project [k#x, dt#x, ym#x, dt2#x]
            +- SubqueryAlias intervals
               +- LocalRelation [k#x, dt#x, ym#x, dt2#x]


-- !query
SELECT
  k,
  median(ym),
  percentile(ym, 0.5),
  percentile_cont(0.5) WITHIN GROUP (ORDER BY ym)
FROM intervals
GROUP BY k
ORDER BY k
-- !query analysis
Sort [k#x ASC NULLS FIRST], true
+- Aggregate [k#x], [k#x, median(ym#x) AS median(ym)#x, percentile(ym#x, cast(0.5 as double), 1, 0, 0, false) AS percentile(ym, 0.5, 1)#x, percentile_cont(ym#x, cast(0.5 as double), false) AS percentile_cont(0.5) WITHIN GROUP (ORDER BY v)#x]
   +- SubqueryAlias intervals
      +- View (`intervals`, [k#x,dt#x,ym#x,dt2#x])
         +- Project [cast(k#x as int) AS k#x, cast(dt#x as interval month) AS dt#x, cast(ym#x as interval second) AS ym#x, cast(dt2#x as interval minute) AS dt2#x]
            +- Project [k#x, dt#x, ym#x, dt2#x]
               +- SubqueryAlias intervals
                  +- LocalRelation [k#x, dt#x, ym#x, dt2#x]


-- !query
SELECT
  k,
  median(dt2),
  percentile(dt2, 0.5),
  percentile_cont(0.5) WITHIN GROUP (ORDER BY dt2)
FROM intervals
GROUP BY k
ORDER BY k
-- !query analysis
Sort [k#x ASC NULLS FIRST], true
+- Aggregate [k#x], [k#x, median(dt2#x) AS median(dt2)#x, percentile(dt2#x, cast(0.5 as double), 1, 0, 0, false) AS percentile(dt2, 0.5, 1)#x, percentile_cont(dt2#x, cast(0.5 as double), false) AS percentile_cont(0.5) WITHIN GROUP (ORDER BY v)#x]
   +- SubqueryAlias intervals
      +- View (`intervals`, [k#x,dt#x,ym#x,dt2#x])
         +- Project [cast(k#x as int) AS k#x, cast(dt#x as interval month) AS dt#x, cast(ym#x as interval second) AS ym#x, cast(dt2#x as interval minute) AS dt2#x]
            +- Project [k#x, dt#x, ym#x, dt2#x]
               +- SubqueryAlias intervals
                  +- LocalRelation [k#x, dt#x, ym#x, dt2#x]
