-- Automatically generated by SQLQueryTestSuite
-- !query
CREATE TABLE t1(col1 INT, col2 STRING)
-- !query analysis
CreateDataSourceTableCommand `spark_catalog`.`default`.`t1`, false


-- !query
DECLARE all = 1
-- !query analysis
CreateVariable defaultvalueexpression(1, 1), false
+- ResolvedIdentifier org.apache.spark.sql.catalyst.analysis.FakeSystemCatalog$@xxxxxxxx, session.all


-- !query
DECLARE a = 1
-- !query analysis
CreateVariable defaultvalueexpression(1, 1), false
+- ResolvedIdentifier org.apache.spark.sql.catalyst.analysis.FakeSystemCatalog$@xxxxxxxx, session.a


-- !query
SELECT col1, SUM(col2) FROM t1 GROUP BY ALL
-- !query analysis
Aggregate [col1#x], [col1#x, sum(cast(col2#x as double)) AS sum(col2)#x]
+- SubqueryAlias spark_catalog.default.t1
   +- Relation spark_catalog.default.t1[col1#x,col2#x] parquet


-- !query
SELECT col1, SUM(col2) FROM t1 GROUP BY ALL ORDER BY ALL
-- !query analysis
Sort [col1#x ASC NULLS FIRST, sum(col2)#x ASC NULLS FIRST], true
+- Aggregate [col1#x], [col1#x, sum(cast(col2#x as double)) AS sum(col2)#x]
   +- SubqueryAlias spark_catalog.default.t1
      +- Relation spark_catalog.default.t1[col1#x,col2#x] parquet


-- !query
SELECT col1, col2 FROM t1 ORDER BY ALL
-- !query analysis
Sort [col1#x ASC NULLS FIRST, col2#x ASC NULLS FIRST], true
+- Project [col1#x, col2#x]
   +- SubqueryAlias spark_catalog.default.t1
      +- Relation spark_catalog.default.t1[col1#x,col2#x] parquet


-- !query
SELECT col1 AS a, SUM(col2) FROM t1 GROUP BY a
-- !query analysis
Aggregate [col1#x], [col1#x AS a#x, sum(cast(col2#x as double)) AS sum(col2)#x]
+- SubqueryAlias spark_catalog.default.t1
   +- Relation spark_catalog.default.t1[col1#x,col2#x] parquet


-- !query
DROP TEMP VARIABLE a
-- !query analysis
DropVariable false
+- ResolvedIdentifier org.apache.spark.sql.catalyst.analysis.FakeSystemCatalog$@xxxxxxxx, session.a


-- !query
DROP TEMP VARIABLE all
-- !query analysis
DropVariable false
+- ResolvedIdentifier org.apache.spark.sql.catalyst.analysis.FakeSystemCatalog$@xxxxxxxx, session.all


-- !query
DROP TABLE t1
-- !query analysis
DropTable false, false
+- ResolvedIdentifier V2SessionCatalog(spark_catalog), default.t1
